Archive member included to satisfy reference by file (symbol)

d:/learningsoftware/stm32cubeide/stm32cubeide/stm32cubeide/plugins/com.st.stm32cube.ide.mcu.externaltools.gnu-tools-for-stm32.7-2018-q2-update.win32_1.4.0.202007081208/tools/bin/../lib/gcc/arm-none-eabi/7.3.1/../../../../arm-none-eabi/lib/thumb/v7-m\libc_nano.a(lib_a-errno.o)
                              Core/Src/syscalls.o (__errno)
d:/learningsoftware/stm32cubeide/stm32cubeide/stm32cubeide/plugins/com.st.stm32cube.ide.mcu.externaltools.gnu-tools-for-stm32.7-2018-q2-update.win32_1.4.0.202007081208/tools/bin/../lib/gcc/arm-none-eabi/7.3.1/../../../../arm-none-eabi/lib/thumb/v7-m\libc_nano.a(lib_a-exit.o)
                              d:/learningsoftware/stm32cubeide/stm32cubeide/stm32cubeide/plugins/com.st.stm32cube.ide.mcu.externaltools.gnu-tools-for-stm32.7-2018-q2-update.win32_1.4.0.202007081208/tools/bin/../lib/gcc/arm-none-eabi/7.3.1/../../../../arm-none-eabi/lib/thumb/v7-m/crt0.o (exit)
d:/learningsoftware/stm32cubeide/stm32cubeide/stm32cubeide/plugins/com.st.stm32cube.ide.mcu.externaltools.gnu-tools-for-stm32.7-2018-q2-update.win32_1.4.0.202007081208/tools/bin/../lib/gcc/arm-none-eabi/7.3.1/../../../../arm-none-eabi/lib/thumb/v7-m\libc_nano.a(lib_a-impure.o)
                              d:/learningsoftware/stm32cubeide/stm32cubeide/stm32cubeide/plugins/com.st.stm32cube.ide.mcu.externaltools.gnu-tools-for-stm32.7-2018-q2-update.win32_1.4.0.202007081208/tools/bin/../lib/gcc/arm-none-eabi/7.3.1/../../../../arm-none-eabi/lib/thumb/v7-m\libc_nano.a(lib_a-exit.o) (_global_impure_ptr)
d:/learningsoftware/stm32cubeide/stm32cubeide/stm32cubeide/plugins/com.st.stm32cube.ide.mcu.externaltools.gnu-tools-for-stm32.7-2018-q2-update.win32_1.4.0.202007081208/tools/bin/../lib/gcc/arm-none-eabi/7.3.1/../../../../arm-none-eabi/lib/thumb/v7-m\libc_nano.a(lib_a-init.o)
                              d:/learningsoftware/stm32cubeide/stm32cubeide/stm32cubeide/plugins/com.st.stm32cube.ide.mcu.externaltools.gnu-tools-for-stm32.7-2018-q2-update.win32_1.4.0.202007081208/tools/bin/../lib/gcc/arm-none-eabi/7.3.1/../../../../arm-none-eabi/lib/thumb/v7-m/crt0.o (__libc_init_array)
d:/learningsoftware/stm32cubeide/stm32cubeide/stm32cubeide/plugins/com.st.stm32cube.ide.mcu.externaltools.gnu-tools-for-stm32.7-2018-q2-update.win32_1.4.0.202007081208/tools/bin/../lib/gcc/arm-none-eabi/7.3.1/../../../../arm-none-eabi/lib/thumb/v7-m\libc_nano.a(lib_a-memset.o)
                              d:/learningsoftware/stm32cubeide/stm32cubeide/stm32cubeide/plugins/com.st.stm32cube.ide.mcu.externaltools.gnu-tools-for-stm32.7-2018-q2-update.win32_1.4.0.202007081208/tools/bin/../lib/gcc/arm-none-eabi/7.3.1/../../../../arm-none-eabi/lib/thumb/v7-m/crt0.o (memset)
d:/learningsoftware/stm32cubeide/stm32cubeide/stm32cubeide/plugins/com.st.stm32cube.ide.mcu.externaltools.gnu-tools-for-stm32.7-2018-q2-update.win32_1.4.0.202007081208/tools/bin/../lib/gcc/arm-none-eabi/7.3.1/../../../../arm-none-eabi/lib/thumb/v7-m\libc_nano.a(lib_a-sprintf.o)
                              Core/Src/main.o (sprintf)
d:/learningsoftware/stm32cubeide/stm32cubeide/stm32cubeide/plugins/com.st.stm32cube.ide.mcu.externaltools.gnu-tools-for-stm32.7-2018-q2-update.win32_1.4.0.202007081208/tools/bin/../lib/gcc/arm-none-eabi/7.3.1/../../../../arm-none-eabi/lib/thumb/v7-m\libc_nano.a(lib_a-strcpy.o)
                              Core/Src/main.o (strcpy)
d:/learningsoftware/stm32cubeide/stm32cubeide/stm32cubeide/plugins/com.st.stm32cube.ide.mcu.externaltools.gnu-tools-for-stm32.7-2018-q2-update.win32_1.4.0.202007081208/tools/bin/../lib/gcc/arm-none-eabi/7.3.1/../../../../arm-none-eabi/lib/thumb/v7-m\libc_nano.a(lib_a-strlen.o)
                              Core/Src/myLib.o (strlen)
d:/learningsoftware/stm32cubeide/stm32cubeide/stm32cubeide/plugins/com.st.stm32cube.ide.mcu.externaltools.gnu-tools-for-stm32.7-2018-q2-update.win32_1.4.0.202007081208/tools/bin/../lib/gcc/arm-none-eabi/7.3.1/../../../../arm-none-eabi/lib/thumb/v7-m\libc_nano.a(lib_a-nano-svfprintf.o)
                              d:/learningsoftware/stm32cubeide/stm32cubeide/stm32cubeide/plugins/com.st.stm32cube.ide.mcu.externaltools.gnu-tools-for-stm32.7-2018-q2-update.win32_1.4.0.202007081208/tools/bin/../lib/gcc/arm-none-eabi/7.3.1/../../../../arm-none-eabi/lib/thumb/v7-m\libc_nano.a(lib_a-sprintf.o) (_svfprintf_r)
d:/learningsoftware/stm32cubeide/stm32cubeide/stm32cubeide/plugins/com.st.stm32cube.ide.mcu.externaltools.gnu-tools-for-stm32.7-2018-q2-update.win32_1.4.0.202007081208/tools/bin/../lib/gcc/arm-none-eabi/7.3.1/../../../../arm-none-eabi/lib/thumb/v7-m\libc_nano.a(lib_a-nano-vfprintf_i.o)
                              d:/learningsoftware/stm32cubeide/stm32cubeide/stm32cubeide/plugins/com.st.stm32cube.ide.mcu.externaltools.gnu-tools-for-stm32.7-2018-q2-update.win32_1.4.0.202007081208/tools/bin/../lib/gcc/arm-none-eabi/7.3.1/../../../../arm-none-eabi/lib/thumb/v7-m\libc_nano.a(lib_a-nano-svfprintf.o) (_printf_i)
[...]
Memory Configuration

Name             Origin             Length             Attributes
RAM              0x0000000020000000 0x0000000000005000 xrw
FLASH            0x0000000008000000 0x0000000000010000 xr
*default*        0x0000000000000000 0xffffffffffffffff

Linker script and memory map

LOAD d:/learningsoftware/stm32cubeide/stm32cubeide/stm32cubeide/plugins/com.st.stm32cube.ide.mcu.externaltools.gnu-tools-for-stm32.7-2018-q2-update.win32_1.4.0.202007081208/tools/bin/../lib/gcc/arm-none-eabi/7.3.1/thumb/v7-m/crti.o
LOAD d:/learningsoftware/stm32cubeide/stm32cubeide/stm32cubeide/plugins/com.st.stm32cube.ide.mcu.externaltools.gnu-tools-for-stm32.7-2018-q2-update.win32_1.4.0.202007081208/tools/bin/../lib/gcc/arm-none-eabi/7.3.1/thumb/v7-m/crtbegin.o
LOAD d:/learningsoftware/stm32cubeide/stm32cubeide/stm32cubeide/plugins/com.st.stm32cube.ide.mcu.externaltools.gnu-tools-for-stm32.7-2018-q2-update.win32_1.4.0.202007081208/tools/bin/../lib/gcc/arm-none-eabi/7.3.1/../../../../arm-none-eabi/lib/thumb/v7-m/crt0.o
LOAD Core/Src/main.o
LOAD Core/Src/myLib.o
LOAD Core/Src/stm32f1xx_hal_msp.o
LOAD Core/Src/stm32f1xx_hal_timebase_tim.o
LOAD Core/Src/stm32f1xx_it.o
LOAD Core/Src/syscalls.o
LOAD Core/Src/sysmem.o
LOAD Core/Src/system_stm32f1xx.o
LOAD Core/Startup/startup_stm32f103c8tx.o
LOAD Drivers/STM32F1xx_HAL_Driver/Src/stm32f1xx_hal.o
LOAD Drivers/STM32F1xx_HAL_Driver/Src/stm32f1xx_hal_cortex.o
LOAD Drivers/STM32F1xx_HAL_Driver/Src/stm32f1xx_hal_dma.o
LOAD Drivers/STM32F1xx_HAL_Driver/Src/stm32f1xx_hal_exti.o
LOAD Drivers/STM32F1xx_HAL_Driver/Src/stm32f1xx_hal_flash.o
LOAD Drivers/STM32F1xx_HAL_Driver/Src/stm32f1xx_hal_flash_ex.o
LOAD Drivers/STM32F1xx_HAL_Driver/Src/stm32f1xx_hal_gpio.o
LOAD Drivers/STM32F1xx_HAL_Driver/Src/stm32f1xx_hal_gpio_ex.o
LOAD Drivers/STM32F1xx_HAL_Driver/Src/stm32f1xx_hal_pwr.o
LOAD Drivers/STM32F1xx_HAL_Driver/Src/stm32f1xx_hal_rcc.o
LOAD Drivers/STM32F1xx_HAL_Driver/Src/stm32f1xx_hal_rcc_ex.o
LOAD Drivers/STM32F1xx_HAL_Driver/Src/stm32f1xx_hal_tim.o
LOAD Drivers/STM32F1xx_HAL_Driver/Src/stm32f1xx_hal_tim_ex.o
LOAD Drivers/STM32F1xx_HAL_Driver/Src/stm32f1xx_ll_dma.o
LOAD Drivers/STM32F1xx_HAL_Driver/Src/stm32f1xx_ll_exti.o
LOAD Drivers/STM32F1xx_HAL_Driver/Src/stm32f1xx_ll_gpio.o
LOAD Drivers/STM32F1xx_HAL_Driver/Src/stm32f1xx_ll_rcc.o
LOAD Drivers/STM32F1xx_HAL_Driver/Src/stm32f1xx_ll_usart.o
LOAD Drivers/STM32F1xx_HAL_Driver/Src/stm32f1xx_ll_utils.o
START GROUP
LOAD d:/learningsoftware/stm32cubeide/stm32cubeide/stm32cubeide/plugins/com.st.stm32cube.ide.mcu.externaltools.gnu-tools-for-stm32.7-2018-q2-update.win32_1.4.0.202007081208/tools/bin/../lib/gcc/arm-none-eabi/7.3.1/../../../../arm-none-eabi/lib/thumb/v7-m\libc_nano.a
LOAD d:/learningsoftware/stm32cubeide/stm32cubeide/stm32cubeide/plugins/com.st.stm32cube.ide.mcu.externaltools.gnu-tools-for-stm32.7-2018-q2-update.win32_1.4.0.202007081208/tools/bin/../lib/gcc/arm-none-eabi/7.3.1/../../../../arm-none-eabi/lib/thumb/v7-m\libm.a
END GROUP
START GROUP
LOAD d:/learningsoftware/stm32cubeide/stm32cubeide/stm32cubeide/plugins/com.st.stm32cube.ide.mcu.externaltools.gnu-tools-for-stm32.7-2018-q2-update.win32_1.4.0.202007081208/tools/bin/../lib/gcc/arm-none-eabi/7.3.1/thumb/v7-m\libgcc.a
LOAD d:/learningsoftware/stm32cubeide/stm32cubeide/stm32cubeide/plugins/com.st.stm32cube.ide.mcu.externaltools.gnu-tools-for-stm32.7-2018-q2-update.win32_1.4.0.202007081208/tools/bin/../lib/gcc/arm-none-eabi/7.3.1/../../../../arm-none-eabi/lib/thumb/v7-m\libc_nano.a
END GROUP
START GROUP
LOAD d:/learningsoftware/stm32cubeide/stm32cubeide/stm32cubeide/plugins/com.st.stm32cube.ide.mcu.externaltools.gnu-tools-for-stm32.7-2018-q2-update.win32_1.4.0.202007081208/tools/bin/../lib/gcc/arm-none-eabi/7.3.1/thumb/v7-m\libgcc.a
LOAD d:/learningsoftware/stm32cubeide/stm32cubeide/stm32cubeide/plugins/com.st.stm32cube.ide.mcu.externaltools.gnu-tools-for-stm32.7-2018-q2-update.win32_1.4.0.202007081208/tools/bin/../lib/gcc/arm-none-eabi/7.3.1/../../../../arm-none-eabi/lib/thumb/v7-m\libc_nano.a
LOAD d:/learningsoftware/stm32cubeide/stm32cubeide/stm32cubeide/plugins/com.st.stm32cube.ide.mcu.externaltools.gnu-tools-for-stm32.7-2018-q2-update.win32_1.4.0.202007081208/tools/bin/../lib/gcc/arm-none-eabi/7.3.1/../../../../arm-none-eabi/lib/thumb/v7-m\libnosys.a
END GROUP
START GROUP
LOAD d:/learningsoftware/stm32cubeide/stm32cubeide/stm32cubeide/plugins/com.st.stm32cube.ide.mcu.externaltools.gnu-tools-for-stm32.7-2018-q2-update.win32_1.4.0.202007081208/tools/bin/../lib/gcc/arm-none-eabi/7.3.1/thumb/v7-m\libgcc.a
LOAD d:/learningsoftware/stm32cubeide/stm32cubeide/stm32cubeide/plugins/com.st.stm32cube.ide.mcu.externaltools.gnu-tools-for-stm32.7-2018-q2-update.win32_1.4.0.202007081208/tools/bin/../lib/gcc/arm-none-eabi/7.3.1/../../../../arm-none-eabi/lib/thumb/v7-m\libc_nano.a
LOAD d:/learningsoftware/stm32cubeide/stm32cubeide/stm32cubeide/plugins/com.st.stm32cube.ide.mcu.externaltools.gnu-tools-for-stm32.7-2018-q2-update.win32_1.4.0.202007081208/tools/bin/../lib/gcc/arm-none-eabi/7.3.1/../../../../arm-none-eabi/lib/thumb/v7-m\libnosys.a
END GROUP
LOAD d:/learningsoftware/stm32cubeide/stm32cubeide/stm32cubeide/plugins/com.st.stm32cube.ide.mcu.externaltools.gnu-tools-for-stm32.7-2018-q2-update.win32_1.4.0.202007081208/tools/bin/../lib/gcc/arm-none-eabi/7.3.1/thumb/v7-m/crtend.o
LOAD d:/learningsoftware/stm32cubeide/stm32cubeide/stm32cubeide/plugins/com.st.stm32cube.ide.mcu.externaltools.gnu-tools-for-stm32.7-2018-q2-update.win32_1.4.0.202007081208/tools/bin/../lib/gcc/arm-none-eabi/7.3.1/thumb/v7-m/crtn.o
                0x0000000020005000                _estack = (ORIGIN (RAM) + LENGTH (RAM))
                0x0000000000000200                _Min_Heap_Size = 0x200
                0x0000000000000400                _Min_Stack_Size = 0x400

.isr_vector     0x0000000008000000      0x10c
                0x0000000008000000                . = ALIGN (0x4)
 *(.isr_vector)
 .isr_vector    0x0000000008000000      0x10c Core/Startup/startup_stm32f103c8tx.o
                0x0000000008000000                g_pfnVectors
                0x000000000800010c                . = ALIGN (0x4)

.text           0x000000000800010c     0x3084
                0x000000000800010c                . = ALIGN (0x4)
 *(.text)
 .text          0x000000000800010c       0x40 d:/learningsoftware/stm32cubeide/stm32cubeide/stm32cubeide/plugins/com.st.stm32cube.ide.mcu.externaltools.gnu-tools-for-stm32.7-2018-q2-update.win32_1.4.0.202007081208/tools/bin/../lib/gcc/arm-none-eabi/7.3.1/thumb/v7-m/crtbegin.o
 .text          0x000000000800014c       0x10 d:/learningsoftware/stm32cubeide/stm32cubeide/stm32cubeide/plugins/com.st.stm32cube.ide.mcu.externaltools.gnu-tools-for-stm32.7-2018-q2-update.win32_1.4.0.202007081208/tools/bin/../lib/gcc/arm-none-eabi/7.3.1/../../../../arm-none-eabi/lib/thumb/v7-m\libc_nano.a(lib_a-strlen.o)
                0x000000000800014c                strlen
 *(.text*)
 .text.LL_DMA_EnableChannel
                0x000000000800015c       0x3c Core/Src/main.o
 .text.LL_DMA_GetDataLength
                0x0000000008000198       0x2c Core/Src/main.o
 .text.LL_DMA_EnableIT_TC
                0x00000000080001c4       0x3c Core/Src/main.o
 .text.LL_DMA_EnableIT_HT
                0x0000000008000200       0x3c Core/Src/main.o
 .text.LL_USART_Enable
                0x000000000800023c       0x1e Core/Src/main.o
 .text.LL_USART_ConfigAsyncMode
                0x000000000800025a       0x2a Core/Src/main.o
 .text.LL_USART_IsActiveFlag_TC
                0x0000000008000284       0x24 Core/Src/main.o
 .text.LL_USART_EnableIT_IDLE
                0x00000000080002a8       0x1e Core/Src/main.o
 .text.LL_USART_EnableDMAReq_RX
                0x00000000080002c6       0x1e Core/Src/main.o
 .text.LL_USART_TransmitData8
                0x00000000080002e4       0x1c Core/Src/main.o
 .text.LL_AHB1_GRP1_EnableClock
                0x0000000008000300       0x30 Core/Src/main.o
 .text.LL_APB1_GRP1_EnableClock
                0x0000000008000330       0x30 Core/Src/main.o
 .text.LL_APB2_GRP1_EnableClock
                0x0000000008000360       0x30 Core/Src/main.o
 .text.main     0x0000000008000390       0xc8 Core/Src/main.o
                0x0000000008000390                main
 .text.SystemClock_Config
                0x0000000008000458       0x8a Core/Src/main.o
                0x0000000008000458                SystemClock_Config
 *fill*         0x00000000080004e2        0x2 
 .text.MX_USART2_UART_Init
                0x00000000080004e4      0x19c Core/Src/main.o
 .text.MX_GPIO_Init
                0x0000000008000680       0xf4 Core/Src/main.o
 .text.vUSART_Check
                0x0000000008000774       0xc4 Core/Src/main.o
                0x0000000008000774                vUSART_Check
 .text.vUSART_ProcessData
                0x0000000008000838       0x78 Core/Src/main.o
                0x0000000008000838                vUSART_ProcessData
 .text.HAL_TIM_PeriodElapsedCallback
                0x00000000080008b0       0x24 Core/Src/main.o
                0x00000000080008b0                HAL_TIM_PeriodElapsedCallback
 .text.Error_Handler
                0x00000000080008d4        0xc Core/Src/main.o
                0x00000000080008d4                Error_Handler
 .text.LL_USART_IsActiveFlag_TC
                0x00000000080008e0       0x24 Core/Src/myLib.o
 .text.LL_USART_TransmitData8
                0x0000000008000904       0x1c Core/Src/myLib.o
 .text.vUARTSend
                0x0000000008000920       0x66 Core/Src/myLib.o
                0x0000000008000920                vUARTSend
 *fill*         0x0000000008000986        0x2 
 .text.HAL_MspInit
                0x0000000008000988       0x64 Core/Src/stm32f1xx_hal_msp.o
                0x0000000008000988                HAL_MspInit
 .text.HAL_InitTick
                0x00000000080009ec       0xb0 Core/Src/stm32f1xx_hal_timebase_tim.o
                0x00000000080009ec                HAL_InitTick
 .text.LL_DMA_IsActiveFlag_TC6
                0x0000000008000a9c       0x26 Core/Src/stm32f1xx_it.o
 .text.LL_DMA_IsActiveFlag_TC7
                0x0000000008000ac2       0x26 Core/Src/stm32f1xx_it.o
 .text.LL_DMA_IsActiveFlag_HT6
                0x0000000008000ae8       0x26 Core/Src/stm32f1xx_it.o
 .text.LL_DMA_ClearFlag_TC6
                0x0000000008000b0e       0x1a Core/Src/stm32f1xx_it.o
 .text.LL_DMA_ClearFlag_HT6
                0x0000000008000b28       0x1a Core/Src/stm32f1xx_it.o
 *fill*         0x0000000008000b42        0x2 
 .text.LL_DMA_IsEnabledIT_TC
                0x0000000008000b44       0x38 Core/Src/stm32f1xx_it.o
 .text.LL_DMA_IsEnabledIT_HT
                0x0000000008000b7c       0x38 Core/Src/stm32f1xx_it.o
 .text.LL_USART_IsActiveFlag_IDLE
                0x0000000008000bb4       0x24 Core/Src/stm32f1xx_it.o
 .text.LL_USART_ClearFlag_IDLE
                0x0000000008000bd8       0x22 Core/Src/stm32f1xx_it.o
 .text.LL_USART_IsEnabledIT_IDLE
                0x0000000008000bfa       0x24 Core/Src/stm32f1xx_it.o
 .text.NMI_Handler
                0x0000000008000c1e        0xc Core/Src/stm32f1xx_it.o
                0x0000000008000c1e                NMI_Handler
 .text.HardFault_Handler
                0x0000000008000c2a        0x6 Core/Src/stm32f1xx_it.o
                0x0000000008000c2a                HardFault_Handler
 .text.MemManage_Handler
                0x0000000008000c30        0x6 Core/Src/stm32f1xx_it.o
                0x0000000008000c30                MemManage_Handler
 .text.BusFault_Handler
                0x0000000008000c36        0x6 Core/Src/stm32f1xx_it.o
                0x0000000008000c36                BusFault_Handler
 .text.UsageFault_Handler
                0x0000000008000c3c        0x6 Core/Src/stm32f1xx_it.o
                0x0000000008000c3c                UsageFault_Handler
 .text.SVC_Handler
                0x0000000008000c42        0xc Core/Src/stm32f1xx_it.o
                0x0000000008000c42                SVC_Handler
 .text.DebugMon_Handler
                0x0000000008000c4e        0xc Core/Src/stm32f1xx_it.o
                0x0000000008000c4e                DebugMon_Handler
 .text.PendSV_Handler
                0x0000000008000c5a        0xc Core/Src/stm32f1xx_it.o
                0x0000000008000c5a                PendSV_Handler
 .text.SysTick_Handler
                0x0000000008000c66        0xc Core/Src/stm32f1xx_it.o
                0x0000000008000c66                SysTick_Handler
 *fill*         0x0000000008000c72        0x2 
 .text.DMA1_Channel6_IRQHandler
                0x0000000008000c74       0xac Core/Src/stm32f1xx_it.o
                0x0000000008000c74                DMA1_Channel6_IRQHandler
 .text.DMA1_Channel7_IRQHandler
                0x0000000008000d20       0x14 Core/Src/stm32f1xx_it.o
                0x0000000008000d20                DMA1_Channel7_IRQHandler
 .text.EXTI9_5_IRQHandler
                0x0000000008000d34       0x1c Core/Src/stm32f1xx_it.o
                0x0000000008000d34                EXTI9_5_IRQHandler
 .text.TIM4_IRQHandler
                0x0000000008000d50       0x14 Core/Src/stm32f1xx_it.o
                0x0000000008000d50                TIM4_IRQHandler
 .text.USART2_IRQHandler
                0x0000000008000d64       0x58 Core/Src/stm32f1xx_it.o
                0x0000000008000d64                USART2_IRQHandler
 .text._sbrk    0x0000000008000dbc       0x6c Core/Src/sysmem.o
                0x0000000008000dbc                _sbrk
 .text.SystemInit
                0x0000000008000e28       0x68 Core/Src/system_stm32f1xx.o
                0x0000000008000e28                SystemInit
 .text.Reset_Handler
                0x0000000008000e90       0x48 Core/Startup/startup_stm32f103c8tx.o
                0x0000000008000e90                Reset_Handler
 .text.Default_Handler
                0x0000000008000ed8        0x2 Core/Startup/startup_stm32f103c8tx.o
                0x0000000008000ed8                RTC_Alarm_IRQHandler
                0x0000000008000ed8                EXTI2_IRQHandler
                0x0000000008000ed8                TIM1_CC_IRQHandler
                0x0000000008000ed8                PVD_IRQHandler
                0x0000000008000ed8                EXTI3_IRQHandler
                0x0000000008000ed8                EXTI0_IRQHandler
                0x0000000008000ed8                I2C2_EV_IRQHandler
                0x0000000008000ed8                ADC1_2_IRQHandler
                0x0000000008000ed8                SPI1_IRQHandler
                0x0000000008000ed8                TAMPER_IRQHandler
                0x0000000008000ed8                DMA1_Channel4_IRQHandler
                0x0000000008000ed8                USART3_IRQHandler
                0x0000000008000ed8                RTC_IRQHandler
                0x0000000008000ed8                CAN1_RX1_IRQHandler
                0x0000000008000ed8                I2C1_EV_IRQHandler
                0x0000000008000ed8                TIM3_IRQHandler
                0x0000000008000ed8                RCC_IRQHandler
                0x0000000008000ed8                TIM1_TRG_COM_IRQHandler
                0x0000000008000ed8                DMA1_Channel1_IRQHandler
                0x0000000008000ed8                Default_Handler
                0x0000000008000ed8                EXTI15_10_IRQHandler
                0x0000000008000ed8                SPI2_IRQHandler
                0x0000000008000ed8                DMA1_Channel5_IRQHandler
                0x0000000008000ed8                EXTI4_IRQHandler
                0x0000000008000ed8                USB_LP_CAN1_RX0_IRQHandler
                0x0000000008000ed8                USB_HP_CAN1_TX_IRQHandler
                0x0000000008000ed8                DMA1_Channel3_IRQHandler
                0x0000000008000ed8                TIM1_UP_IRQHandler
                0x0000000008000ed8                WWDG_IRQHandler
                0x0000000008000ed8                TIM2_IRQHandler
                0x0000000008000ed8                TIM1_BRK_IRQHandler
                0x0000000008000ed8                EXTI1_IRQHandler
                0x0000000008000ed8                I2C2_ER_IRQHandler
                0x0000000008000ed8                DMA1_Channel2_IRQHandler
                0x0000000008000ed8                CAN1_SCE_IRQHandler
                0x0000000008000ed8                FLASH_IRQHandler
                0x0000000008000ed8                USART1_IRQHandler
                0x0000000008000ed8                I2C1_ER_IRQHandler
                0x0000000008000ed8                USBWakeUp_IRQHandler
 *fill*         0x0000000008000eda        0x2 
 .text.HAL_Init
                0x0000000008000edc       0x2c Drivers/STM32F1xx_HAL_Driver/Src/stm32f1xx_hal.o
                0x0000000008000edc                HAL_Init
 .text.HAL_IncTick
                0x0000000008000f08       0x24 Drivers/STM32F1xx_HAL_Driver/Src/stm32f1xx_hal.o
                0x0000000008000f08                HAL_IncTick
 .text.HAL_GetTick
                0x0000000008000f2c       0x14 Drivers/STM32F1xx_HAL_Driver/Src/stm32f1xx_hal.o
                0x0000000008000f2c                HAL_GetTick
 .text.HAL_Delay
                0x0000000008000f40       0x44 Drivers/STM32F1xx_HAL_Driver/Src/stm32f1xx_hal.o
                0x0000000008000f40                HAL_Delay
 .text.__NVIC_SetPriorityGrouping
                0x0000000008000f84       0x48 Drivers/STM32F1xx_HAL_Driver/Src/stm32f1xx_hal_cortex.o
 .text.__NVIC_GetPriorityGrouping
                0x0000000008000fcc       0x1c Drivers/STM32F1xx_HAL_Driver/Src/stm32f1xx_hal_cortex.o
 .text.__NVIC_EnableIRQ
                0x0000000008000fe8       0x38 Drivers/STM32F1xx_HAL_Driver/Src/stm32f1xx_hal_cortex.o
 .text.__NVIC_SetPriority
                0x0000000008001020       0x54 Drivers/STM32F1xx_HAL_Driver/Src/stm32f1xx_hal_cortex.o
 .text.NVIC_EncodePriority
                0x0000000008001074       0x64 Drivers/STM32F1xx_HAL_Driver/Src/stm32f1xx_hal_cortex.o
 .text.HAL_NVIC_SetPriorityGrouping
                0x00000000080010d8       0x16 Drivers/STM32F1xx_HAL_Driver/Src/stm32f1xx_hal_cortex.o
                0x00000000080010d8                HAL_NVIC_SetPriorityGrouping
 .text.HAL_NVIC_SetPriority
                0x00000000080010ee       0x38 Drivers/STM32F1xx_HAL_Driver/Src/stm32f1xx_hal_cortex.o
                0x00000000080010ee                HAL_NVIC_SetPriority
 .text.HAL_NVIC_EnableIRQ
                0x0000000008001126       0x1c Drivers/STM32F1xx_HAL_Driver/Src/stm32f1xx_hal_cortex.o
                0x0000000008001126                HAL_NVIC_EnableIRQ
 *fill*         0x0000000008001142        0x2 
 .text.HAL_GPIO_Init
                0x0000000008001144      0x2b4 Drivers/STM32F1xx_HAL_Driver/Src/stm32f1xx_hal_gpio.o
                0x0000000008001144                HAL_GPIO_Init
 .text.HAL_GPIO_WritePin
                0x00000000080013f8       0x30 Drivers/STM32F1xx_HAL_Driver/Src/stm32f1xx_hal_gpio.o
                0x00000000080013f8                HAL_GPIO_WritePin
 .text.HAL_GPIO_TogglePin
                0x0000000008001428       0x30 Drivers/STM32F1xx_HAL_Driver/Src/stm32f1xx_hal_gpio.o
                0x0000000008001428                HAL_GPIO_TogglePin
 .text.HAL_GPIO_EXTI_IRQHandler
                0x0000000008001458       0x30 Drivers/STM32F1xx_HAL_Driver/Src/stm32f1xx_hal_gpio.o
                0x0000000008001458                HAL_GPIO_EXTI_IRQHandler
 .text.HAL_GPIO_EXTI_Callback
                0x0000000008001488       0x14 Drivers/STM32F1xx_HAL_Driver/Src/stm32f1xx_hal_gpio.o
                0x0000000008001488                HAL_GPIO_EXTI_Callback
 .text.HAL_RCC_OscConfig
                0x000000000800149c      0x500 Drivers/STM32F1xx_HAL_Driver/Src/stm32f1xx_hal_rcc.o
                0x000000000800149c                HAL_RCC_OscConfig
 .text.HAL_RCC_ClockConfig
                0x000000000800199c      0x1d4 Drivers/STM32F1xx_HAL_Driver/Src/stm32f1xx_hal_rcc.o
                0x000000000800199c                HAL_RCC_ClockConfig
 .text.HAL_RCC_GetSysClockFreq
                0x0000000008001b70       0xc4 Drivers/STM32F1xx_HAL_Driver/Src/stm32f1xx_hal_rcc.o
                0x0000000008001b70                HAL_RCC_GetSysClockFreq
 .text.HAL_RCC_GetHCLKFreq
                0x0000000008001c34       0x14 Drivers/STM32F1xx_HAL_Driver/Src/stm32f1xx_hal_rcc.o
                0x0000000008001c34                HAL_RCC_GetHCLKFreq
 .text.HAL_RCC_GetPCLK1Freq
                0x0000000008001c48       0x28 Drivers/STM32F1xx_HAL_Driver/Src/stm32f1xx_hal_rcc.o
                0x0000000008001c48                HAL_RCC_GetPCLK1Freq
 .text.HAL_RCC_GetClockConfig
                0x0000000008001c70       0x60 Drivers/STM32F1xx_HAL_Driver/Src/stm32f1xx_hal_rcc.o
                0x0000000008001c70                HAL_RCC_GetClockConfig
 .text.RCC_Delay
                0x0000000008001cd0       0x3c Drivers/STM32F1xx_HAL_Driver/Src/stm32f1xx_hal_rcc.o
 .text.HAL_TIM_Base_Init
                0x0000000008001d0c       0x56 Drivers/STM32F1xx_HAL_Driver/Src/stm32f1xx_hal_tim.o
                0x0000000008001d0c                HAL_TIM_Base_Init
 .text.HAL_TIM_Base_MspInit
                0x0000000008001d62       0x12 Drivers/STM32F1xx_HAL_Driver/Src/stm32f1xx_hal_tim.o
                0x0000000008001d62                HAL_TIM_Base_MspInit
 .text.HAL_TIM_Base_Start_IT
                0x0000000008001d74       0x46 Drivers/STM32F1xx_HAL_Driver/Src/stm32f1xx_hal_tim.o
                0x0000000008001d74                HAL_TIM_Base_Start_IT
 .text.HAL_TIM_IRQHandler
                0x0000000008001dba      0x210 Drivers/STM32F1xx_HAL_Driver/Src/stm32f1xx_hal_tim.o
                0x0000000008001dba                HAL_TIM_IRQHandler
 .text.HAL_TIM_OC_DelayElapsedCallback
                0x0000000008001fca       0x12 Drivers/STM32F1xx_HAL_Driver/Src/stm32f1xx_hal_tim.o
                0x0000000008001fca                HAL_TIM_OC_DelayElapsedCallback
 .text.HAL_TIM_IC_CaptureCallback
                0x0000000008001fdc       0x12 Drivers/STM32F1xx_HAL_Driver/Src/stm32f1xx_hal_tim.o
                0x0000000008001fdc                HAL_TIM_IC_CaptureCallback
 .text.HAL_TIM_PWM_PulseFinishedCallback
                0x0000000008001fee       0x12 Drivers/STM32F1xx_HAL_Driver/Src/stm32f1xx_hal_tim.o
                0x0000000008001fee                HAL_TIM_PWM_PulseFinishedCallback
 .text.HAL_TIM_TriggerCallback
                0x0000000008002000       0x12 Drivers/STM32F1xx_HAL_Driver/Src/stm32f1xx_hal_tim.o
                0x0000000008002000                HAL_TIM_TriggerCallback
 *fill*         0x0000000008002012        0x2 
 .text.TIM_Base_SetConfig
                0x0000000008002014       0xc4 Drivers/STM32F1xx_HAL_Driver/Src/stm32f1xx_hal_tim.o
                0x0000000008002014                TIM_Base_SetConfig
 .text.HAL_TIMEx_CommutCallback
                0x00000000080020d8       0x12 Drivers/STM32F1xx_HAL_Driver/Src/stm32f1xx_hal_tim_ex.o
                0x00000000080020d8                HAL_TIMEx_CommutCallback
 .text.HAL_TIMEx_BreakCallback
                0x00000000080020ea       0x12 Drivers/STM32F1xx_HAL_Driver/Src/stm32f1xx_hal_tim_ex.o
                0x00000000080020ea                HAL_TIMEx_BreakCallback
 .text.LL_DMA_ConfigTransfer
                0x00000000080020fc       0x48 Drivers/STM32F1xx_HAL_Driver/Src/stm32f1xx_ll_dma.o
 .text.LL_DMA_SetDataLength
                0x0000000008002144       0x44 Drivers/STM32F1xx_HAL_Driver/Src/stm32f1xx_ll_dma.o
 .text.LL_DMA_SetMemoryAddress
                0x0000000008002188       0x30 Drivers/STM32F1xx_HAL_Driver/Src/stm32f1xx_ll_dma.o
 .text.LL_DMA_SetPeriphAddress
                0x00000000080021b8       0x30 Drivers/STM32F1xx_HAL_Driver/Src/stm32f1xx_ll_dma.o
 .text.LL_DMA_Init
                0x00000000080021e8       0x72 Drivers/STM32F1xx_HAL_Driver/Src/stm32f1xx_ll_dma.o
                0x00000000080021e8                LL_DMA_Init
 .text.LL_DMA_StructInit
                0x000000000800225a       0x4e Drivers/STM32F1xx_HAL_Driver/Src/stm32f1xx_ll_dma.o
                0x000000000800225a                LL_DMA_StructInit
 .text.LL_GPIO_SetPinMode
                0x00000000080022a8       0x64 Drivers/STM32F1xx_HAL_Driver/Src/stm32f1xx_ll_gpio.o
 .text.LL_GPIO_SetPinSpeed
                0x000000000800230c       0x64 Drivers/STM32F1xx_HAL_Driver/Src/stm32f1xx_ll_gpio.o
 .text.LL_GPIO_SetPinOutputType
                0x0000000008002370       0x64 Drivers/STM32F1xx_HAL_Driver/Src/stm32f1xx_ll_gpio.o
 .text.LL_GPIO_SetPinPull
                0x00000000080023d4       0x44 Drivers/STM32F1xx_HAL_Driver/Src/stm32f1xx_ll_gpio.o
 .text.LL_GPIO_Init
                0x0000000008002418       0xc4 Drivers/STM32F1xx_HAL_Driver/Src/stm32f1xx_ll_gpio.o
                0x0000000008002418                LL_GPIO_Init
 .text.LL_RCC_GetSysClkSource
                0x00000000080024dc       0x18 Drivers/STM32F1xx_HAL_Driver/Src/stm32f1xx_ll_rcc.o
 .text.LL_RCC_GetAHBPrescaler
                0x00000000080024f4       0x18 Drivers/STM32F1xx_HAL_Driver/Src/stm32f1xx_ll_rcc.o
 .text.LL_RCC_GetAPB1Prescaler
                0x000000000800250c       0x18 Drivers/STM32F1xx_HAL_Driver/Src/stm32f1xx_ll_rcc.o
 .text.LL_RCC_GetAPB2Prescaler
                0x0000000008002524       0x18 Drivers/STM32F1xx_HAL_Driver/Src/stm32f1xx_ll_rcc.o
 .text.LL_RCC_PLL_GetMainSource
                0x000000000800253c       0x18 Drivers/STM32F1xx_HAL_Driver/Src/stm32f1xx_ll_rcc.o
 .text.LL_RCC_PLL_GetMultiplicator
                0x0000000008002554       0x18 Drivers/STM32F1xx_HAL_Driver/Src/stm32f1xx_ll_rcc.o
 .text.LL_RCC_PLL_GetPrediv
                0x000000000800256c       0x1c Drivers/STM32F1xx_HAL_Driver/Src/stm32f1xx_ll_rcc.o
 .text.LL_RCC_GetSystemClocksFreq
                0x0000000008002588       0x4a Drivers/STM32F1xx_HAL_Driver/Src/stm32f1xx_ll_rcc.o
                0x0000000008002588                LL_RCC_GetSystemClocksFreq
 *fill*         0x00000000080025d2        0x2 
 .text.RCC_GetSystemClockFreq
                0x00000000080025d4       0x44 Drivers/STM32F1xx_HAL_Driver/Src/stm32f1xx_ll_rcc.o
                0x00000000080025d4                RCC_GetSystemClockFreq
 .text.RCC_GetHCLKClockFreq
                0x0000000008002618       0x2c Drivers/STM32F1xx_HAL_Driver/Src/stm32f1xx_ll_rcc.o
                0x0000000008002618                RCC_GetHCLKClockFreq
 .text.RCC_GetPCLK1ClockFreq
                0x0000000008002644       0x28 Drivers/STM32F1xx_HAL_Driver/Src/stm32f1xx_ll_rcc.o
                0x0000000008002644                RCC_GetPCLK1ClockFreq
 .text.RCC_GetPCLK2ClockFreq
                0x000000000800266c       0x28 Drivers/STM32F1xx_HAL_Driver/Src/stm32f1xx_ll_rcc.o
                0x000000000800266c                RCC_GetPCLK2ClockFreq
 .text.RCC_PLL_GetFreqDomain_SYS
                0x0000000008002694       0x60 Drivers/STM32F1xx_HAL_Driver/Src/stm32f1xx_ll_rcc.o
                0x0000000008002694                RCC_PLL_GetFreqDomain_SYS
 .text.LL_USART_IsEnabled
                0x00000000080026f4       0x26 Drivers/STM32F1xx_HAL_Driver/Src/stm32f1xx_ll_usart.o
 .text.LL_USART_SetStopBitsLength
                0x000000000800271a       0x24 Drivers/STM32F1xx_HAL_Driver/Src/stm32f1xx_ll_usart.o
 .text.LL_USART_SetHWFlowCtrl
                0x000000000800273e       0x24 Drivers/STM32F1xx_HAL_Driver/Src/stm32f1xx_ll_usart.o
 *fill*         0x0000000008002762        0x2 
 .text.LL_USART_SetBaudRate
                0x0000000008002764       0xbc Drivers/STM32F1xx_HAL_Driver/Src/stm32f1xx_ll_usart.o
 .text.LL_USART_Init
                0x0000000008002820       0xc0 Drivers/STM32F1xx_HAL_Driver/Src/stm32f1xx_ll_usart.o
                0x0000000008002820                LL_USART_Init
 .text.__errno  0x00000000080028e0        0xc d:/learningsoftware/stm32cubeide/stm32cubeide/stm32cubeide/plugins/com.st.stm32cube.ide.mcu.externaltools.gnu-tools-for-stm32.7-2018-q2-update.win32_1.4.0.202007081208/tools/bin/../lib/gcc/arm-none-eabi/7.3.1/../../../../arm-none-eabi/lib/thumb/v7-m\libc_nano.a(lib_a-errno.o)
                0x00000000080028e0                __errno
 .text.__libc_init_array
                0x00000000080028ec       0x48 d:/learningsoftware/stm32cubeide/stm32cubeide/stm32cubeide/plugins/com.st.stm32cube.ide.mcu.externaltools.gnu-tools-for-stm32.7-2018-q2-update.win32_1.4.0.202007081208/tools/bin/../lib/gcc/arm-none-eabi/7.3.1/../../../../arm-none-eabi/lib/thumb/v7-m\libc_nano.a(lib_a-init.o)
                0x00000000080028ec                __libc_init_array
 .text.memset   0x0000000008002934       0x10 d:/learningsoftware/stm32cubeide/stm32cubeide/stm32cubeide/plugins/com.st.stm32cube.ide.mcu.externaltools.gnu-tools-for-stm32.7-2018-q2-update.win32_1.4.0.202007081208/tools/bin/../lib/gcc/arm-none-eabi/7.3.1/../../../../arm-none-eabi/lib/thumb/v7-m\libc_nano.a(lib_a-memset.o)
                0x0000000008002934                memset
 .text.sprintf  0x0000000008002944       0x40 d:/learningsoftware/stm32cubeide/stm32cubeide/stm32cubeide/plugins/com.st.stm32cube.ide.mcu.externaltools.gnu-tools-for-stm32.7-2018-q2-update.win32_1.4.0.202007081208/tools/bin/../lib/gcc/arm-none-eabi/7.3.1/../../../../arm-none-eabi/lib/thumb/v7-m\libc_nano.a(lib_a-sprintf.o)
                0x0000000008002944                siprintf
                0x0000000008002944                sprintf
 .text.strcpy   0x0000000008002984       0x10 d:/learningsoftware/stm32cubeide/stm32cubeide/stm32cubeide/plugins/com.st.stm32cube.ide.mcu.externaltools.gnu-tools-for-stm32.7-2018-q2-update.win32_1.4.0.202007081208/tools/bin/../lib/gcc/arm-none-eabi/7.3.1/../../../../arm-none-eabi/lib/thumb/v7-m\libc_nano.a(lib_a-strcpy.o)
                0x0000000008002984                strcpy
 .text.__ssputs_r
                0x0000000008002994       0xb4 d:/learningsoftware/stm32cubeide/stm32cubeide/stm32cubeide/plugins/com.st.stm32cube.ide.mcu.externaltools.gnu-tools-for-stm32.7-2018-q2-update.win32_1.4.0.202007081208/tools/bin/../lib/gcc/arm-none-eabi/7.3.1/../../../../arm-none-eabi/lib/thumb/v7-m\libc_nano.a(lib_a-nano-svfprintf.o)
                0x0000000008002994                __ssputs_r
 .text._svfprintf_r
                0x0000000008002a48      0x1f0 d:/learningsoftware/stm32cubeide/stm32cubeide/stm32cubeide/plugins/com.st.stm32cube.ide.mcu.externaltools.gnu-tools-for-stm32.7-2018-q2-update.win32_1.4.0.202007081208/tools/bin/../lib/gcc/arm-none-eabi/7.3.1/../../../../arm-none-eabi/lib/thumb/v7-m\libc_nano.a(lib_a-nano-svfprintf.o)
                0x0000000008002a48                _svfiprintf_r
                0x0000000008002a48                _svfprintf_r
 .text._printf_common
                0x0000000008002c38       0xec d:/learningsoftware/stm32cubeide/stm32cubeide/stm32cubeide/plugins/com.st.stm32cube.ide.mcu.externaltools.gnu-tools-for-stm32.7-2018-q2-update.win32_1.4.0.202007081208/tools/bin/../lib/gcc/arm-none-eabi/7.3.1/../../../../arm-none-eabi/lib/thumb/v7-m\libc_nano.a(lib_a-nano-vfprintf_i.o)
                0x0000000008002c38                _printf_common
 .text._printf_i
                0x0000000008002d24      0x224 d:/learningsoftware/stm32cubeide/stm32cubeide/stm32cubeide/plugins/com.st.stm32cube.ide.mcu.externaltools.gnu-tools-for-stm32.7-2018-q2-update.win32_1.4.0.202007081208/tools/bin/../lib/gcc/arm-none-eabi/7.3.1/../../../../arm-none-eabi/lib/thumb/v7-m\libc_nano.a(lib_a-nano-vfprintf_i.o)
                0x0000000008002d24                _printf_i
 .text.memchr   0x0000000008002f48       0x1c d:/learningsoftware/stm32cubeide/stm32cubeide/stm32cubeide/plugins/com.st.stm32cube.ide.mcu.externaltools.gnu-tools-for-stm32.7-2018-q2-update.win32_1.4.0.202007081208/tools/bin/../lib/gcc/arm-none-eabi/7.3.1/../../../../arm-none-eabi/lib/thumb/v7-m\libc_nano.a(lib_a-memchr-stub.o)
                0x0000000008002f48                memchr
 .text.memcpy   0x0000000008002f64       0x16 d:/learningsoftware/stm32cubeide/stm32cubeide/stm32cubeide/plugins/com.st.stm32cube.ide.mcu.externaltools.gnu-tools-for-stm32.7-2018-q2-update.win32_1.4.0.202007081208/tools/bin/../lib/gcc/arm-none-eabi/7.3.1/../../../../arm-none-eabi/lib/thumb/v7-m\libc_nano.a(lib_a-memcpy-stub.o)
                0x0000000008002f64                memcpy
 .text.memmove  0x0000000008002f7a       0x32 d:/learningsoftware/stm32cubeide/stm32cubeide/stm32cubeide/plugins/com.st.stm32cube.ide.mcu.externaltools.gnu-tools-for-stm32.7-2018-q2-update.win32_1.4.0.202007081208/tools/bin/../lib/gcc/arm-none-eabi/7.3.1/../../../../arm-none-eabi/lib/thumb/v7-m\libc_nano.a(lib_a-memmove.o)
                0x0000000008002f7a                memmove
 .text._free_r  0x0000000008002fac       0x98 d:/learningsoftware/stm32cubeide/stm32cubeide/stm32cubeide/plugins/com.st.stm32cube.ide.mcu.externaltools.gnu-tools-for-stm32.7-2018-q2-update.win32_1.4.0.202007081208/tools/bin/../lib/gcc/arm-none-eabi/7.3.1/../../../../arm-none-eabi/lib/thumb/v7-m\libc_nano.a(lib_a-nano-freer.o)
                0x0000000008002fac                _free_r
 .text._malloc_r
                0x0000000008003044       0xb4 d:/learningsoftware/stm32cubeide/stm32cubeide/stm32cubeide/plugins/com.st.stm32cube.ide.mcu.externaltools.gnu-tools-for-stm32.7-2018-q2-update.win32_1.4.0.202007081208/tools/bin/../lib/gcc/arm-none-eabi/7.3.1/../../../../arm-none-eabi/lib/thumb/v7-m\libc_nano.a(lib_a-nano-mallocr.o)
                0x0000000008003044                _malloc_r
 .text._realloc_r
                0x00000000080030f8       0x4c d:/learningsoftware/stm32cubeide/stm32cubeide/stm32cubeide/plugins/com.st.stm32cube.ide.mcu.externaltools.gnu-tools-for-stm32.7-2018-q2-update.win32_1.4.0.202007081208/tools/bin/../lib/gcc/arm-none-eabi/7.3.1/../../../../arm-none-eabi/lib/thumb/v7-m\libc_nano.a(lib_a-nano-reallocr.o)
                0x00000000080030f8                _realloc_r
 .text._sbrk_r  0x0000000008003144       0x20 d:/learningsoftware/stm32cubeide/stm32cubeide/stm32cubeide/plugins/com.st.stm32cube.ide.mcu.externaltools.gnu-tools-for-stm32.7-2018-q2-update.win32_1.4.0.202007081208/tools/bin/../lib/gcc/arm-none-eabi/7.3.1/../../../../arm-none-eabi/lib/thumb/v7-m\libc_nano.a(lib_a-sbrkr.o)
                0x0000000008003144                _sbrk_r
 .text.__malloc_lock
                0x0000000008003164        0x2 d:/learningsoftware/stm32cubeide/stm32cubeide/stm32cubeide/plugins/com.st.stm32cube.ide.mcu.externaltools.gnu-tools-for-stm32.7-2018-q2-update.win32_1.4.0.202007081208/tools/bin/../lib/gcc/arm-none-eabi/7.3.1/../../../../arm-none-eabi/lib/thumb/v7-m\libc_nano.a(lib_a-mlock.o)
                0x0000000008003164                __malloc_lock
 .text.__malloc_unlock
                0x0000000008003166        0x2 d:/learningsoftware/stm32cubeide/stm32cubeide/stm32cubeide/plugins/com.st.stm32cube.ide.mcu.externaltools.gnu-tools-for-stm32.7-2018-q2-update.win32_1.4.0.202007081208/tools/bin/../lib/gcc/arm-none-eabi/7.3.1/../../../../arm-none-eabi/lib/thumb/v7-m\libc_nano.a(lib_a-mlock.o)
                0x0000000008003166                __malloc_unlock
 .text._malloc_usable_size_r
                0x0000000008003168       0x10 d:/learningsoftware/stm32cubeide/stm32cubeide/stm32cubeide/plugins/com.st.stm32cube.ide.mcu.externaltools.gnu-tools-for-stm32.7-2018-q2-update.win32_1.4.0.202007081208/tools/bin/../lib/gcc/arm-none-eabi/7.3.1/../../../../arm-none-eabi/lib/thumb/v7-m\libc_nano.a(lib_a-nano-msizer.o)
                0x0000000008003168                _malloc_usable_size_r
 *(.glue_7)
 .glue_7        0x0000000008003178        0x0 linker stubs
 *(.glue_7t)
 .glue_7t       0x0000000008003178        0x0 linker stubs
 *(.eh_frame)
 .eh_frame      0x0000000008003178        0x0 d:/learningsoftware/stm32cubeide/stm32cubeide/stm32cubeide/plugins/com.st.stm32cube.ide.mcu.externaltools.gnu-tools-for-stm32.7-2018-q2-update.win32_1.4.0.202007081208/tools/bin/../lib/gcc/arm-none-eabi/7.3.1/thumb/v7-m/crtbegin.o
 *(.init)
 .init          0x0000000008003178        0x4 d:/learningsoftware/stm32cubeide/stm32cubeide/stm32cubeide/plugins/com.st.stm32cube.ide.mcu.externaltools.gnu-tools-for-stm32.7-2018-q2-update.win32_1.4.0.202007081208/tools/bin/../lib/gcc/arm-none-eabi/7.3.1/thumb/v7-m/crti.o
                0x0000000008003178                _init
 .init          0x000000000800317c        0x8 d:/learningsoftware/stm32cubeide/stm32cubeide/stm32cubeide/plugins/com.st.stm32cube.ide.mcu.externaltools.gnu-tools-for-stm32.7-2018-q2-update.win32_1.4.0.202007081208/tools/bin/../lib/gcc/arm-none-eabi/7.3.1/thumb/v7-m/crtn.o
 *(.fini)
 .fini          0x0000000008003184        0x4 d:/learningsoftware/stm32cubeide/stm32cubeide/stm32cubeide/plugins/com.st.stm32cube.ide.mcu.externaltools.gnu-tools-for-stm32.7-2018-q2-update.win32_1.4.0.202007081208/tools/bin/../lib/gcc/arm-none-eabi/7.3.1/thumb/v7-m/crti.o
                0x0000000008003184                _fini
 .fini          0x0000000008003188        0x8 d:/learningsoftware/stm32cubeide/stm32cubeide/stm32cubeide/plugins/com.st.stm32cube.ide.mcu.externaltools.gnu-tools-for-stm32.7-2018-q2-update.win32_1.4.0.202007081208/tools/bin/../lib/gcc/arm-none-eabi/7.3.1/thumb/v7-m/crtn.o
                0x0000000008003190                . = ALIGN (0x4)
                0x0000000008003190                _etext = .

.vfp11_veneer   0x0000000008003190        0x0
 .vfp11_veneer  0x0000000008003190        0x0 linker stubs

.v4_bx          0x0000000008003190        0x0
 .v4_bx         0x0000000008003190        0x0 linker stubs

.iplt           0x0000000008003190        0x0
 .iplt          0x0000000008003190        0x0 d:/learningsoftware/stm32cubeide/stm32cubeide/stm32cubeide/plugins/com.st.stm32cube.ide.mcu.externaltools.gnu-tools-for-stm32.7-2018-q2-update.win32_1.4.0.202007081208/tools/bin/../lib/gcc/arm-none-eabi/7.3.1/thumb/v7-m/crtbegin.o

.rodata         0x0000000008003190       0xec
                0x0000000008003190                . = ALIGN (0x4)
 *(.rodata)
 .rodata        0x0000000008003190       0x33 Core/Src/main.o
 *fill*         0x00000000080031c3        0x1 
 .rodata        0x00000000080031c4       0x3d Core/Src/stm32f1xx_it.o
 *fill*         0x0000000008003201        0x3 
 .rodata        0x0000000008003204       0x12 Drivers/STM32F1xx_HAL_Driver/Src/stm32f1xx_hal_rcc.o
 *(.rodata*)
 *fill*         0x0000000008003216        0x2 
 .rodata.CHANNEL_OFFSET_TAB
                0x0000000008003218        0x7 Core/Src/main.o
 *fill*         0x000000000800321f        0x1 
 .rodata.CHANNEL_OFFSET_TAB
                0x0000000008003220        0x7 Core/Src/stm32f1xx_it.o
 *fill*         0x0000000008003227        0x1 
 .rodata.AHBPrescTable
                0x0000000008003228       0x10 Core/Src/system_stm32f1xx.o
                0x0000000008003228                AHBPrescTable
 .rodata.APBPrescTable
                0x0000000008003238        0x8 Core/Src/system_stm32f1xx.o
                0x0000000008003238                APBPrescTable
 .rodata.CHANNEL_OFFSET_TAB
                0x0000000008003240        0x7 Drivers/STM32F1xx_HAL_Driver/Src/stm32f1xx_ll_dma.o
 .rodata._svfprintf_r.str1.1
                0x0000000008003247       0x11 d:/learningsoftware/stm32cubeide/stm32cubeide/stm32cubeide/plugins/com.st.stm32cube.ide.mcu.externaltools.gnu-tools-for-stm32.7-2018-q2-update.win32_1.4.0.202007081208/tools/bin/../lib/gcc/arm-none-eabi/7.3.1/../../../../arm-none-eabi/lib/thumb/v7-m\libc_nano.a(lib_a-nano-svfprintf.o)
 .rodata._printf_i.str1.1
                0x0000000008003258       0x22 d:/learningsoftware/stm32cubeide/stm32cubeide/stm32cubeide/plugins/com.st.stm32cube.ide.mcu.externaltools.gnu-tools-for-stm32.7-2018-q2-update.win32_1.4.0.202007081208/tools/bin/../lib/gcc/arm-none-eabi/7.3.1/../../../../arm-none-eabi/lib/thumb/v7-m\libc_nano.a(lib_a-nano-vfprintf_i.o)
                0x000000000800327c                . = ALIGN (0x4)
 *fill*         0x000000000800327a        0x2 

.rel.dyn        0x000000000800327c        0x0
 .rel.iplt      0x000000000800327c        0x0 d:/learningsoftware/stm32cubeide/stm32cubeide/stm32cubeide/plugins/com.st.stm32cube.ide.mcu.externaltools.gnu-tools-for-stm32.7-2018-q2-update.win32_1.4.0.202007081208/tools/bin/../lib/gcc/arm-none-eabi/7.3.1/thumb/v7-m/crtbegin.o

.ARM.extab      0x000000000800327c        0x0
                0x000000000800327c                . = ALIGN (0x4)
 *(.ARM.extab* .gnu.linkonce.armextab.*)
                0x000000000800327c                . = ALIGN (0x4)

.ARM            0x000000000800327c        0x0
                0x000000000800327c                . = ALIGN (0x4)
                0x000000000800327c                __exidx_start = .
 *(.ARM.exidx*)
                0x000000000800327c                __exidx_end = .
                0x000000000800327c                . = ALIGN (0x4)

.preinit_array  0x000000000800327c        0x0
                0x000000000800327c                . = ALIGN (0x4)
                0x000000000800327c                PROVIDE (__preinit_array_start = .)
 *(.preinit_array*)
                0x000000000800327c                PROVIDE (__preinit_array_end = .)
                0x000000000800327c                . = ALIGN (0x4)

.init_array     0x000000000800327c        0x4
                0x000000000800327c                . = ALIGN (0x4)
                0x000000000800327c                PROVIDE (__init_array_start = .)
 *(SORT_BY_NAME(.init_array.*))
 *(.init_array*)
 .init_array    0x000000000800327c        0x4 d:/learningsoftware/stm32cubeide/stm32cubeide/stm32cubeide/plugins/com.st.stm32cube.ide.mcu.externaltools.gnu-tools-for-stm32.7-2018-q2-update.win32_1.4.0.202007081208/tools/bin/../lib/gcc/arm-none-eabi/7.3.1/thumb/v7-m/crtbegin.o
                0x0000000008003280                PROVIDE (__init_array_end = .)
                0x0000000008003280                . = ALIGN (0x4)

.fini_array     0x0000000008003280        0x4
                0x0000000008003280                . = ALIGN (0x4)
                [!provide]                        PROVIDE (__fini_array_start = .)
 *(SORT_BY_NAME(.fini_array.*))
 *(.fini_array*)
 .fini_array    0x0000000008003280        0x4 d:/learningsoftware/stm32cubeide/stm32cubeide/stm32cubeide/plugins/com.st.stm32cube.ide.mcu.externaltools.gnu-tools-for-stm32.7-2018-q2-update.win32_1.4.0.202007081208/tools/bin/../lib/gcc/arm-none-eabi/7.3.1/thumb/v7-m/crtbegin.o
                [!provide]                        PROVIDE (__fini_array_end = .)
                0x0000000008003284                . = ALIGN (0x4)
                0x0000000008003284                _sidata = LOADADDR (.data)

.data           0x0000000020000000       0x70 load address 0x0000000008003284
                0x0000000020000000                . = ALIGN (0x4)
                0x0000000020000000                _sdata = .
 *(.data)
 *(.data*)
 .data.SystemCoreClock
                0x0000000020000000        0x4 Core/Src/system_stm32f1xx.o
                0x0000000020000000                SystemCoreClock
 .data.uwTickPrio
                0x0000000020000004        0x4 Drivers/STM32F1xx_HAL_Driver/Src/stm32f1xx_hal.o
                0x0000000020000004                uwTickPrio
 .data.uwTickFreq
                0x0000000020000008        0x1 Drivers/STM32F1xx_HAL_Driver/Src/stm32f1xx_hal.o
                0x0000000020000008                uwTickFreq
 *fill*         0x0000000020000009        0x3 
 .data._impure_ptr
                0x000000002000000c        0x4 d:/learningsoftware/stm32cubeide/stm32cubeide/stm32cubeide/plugins/com.st.stm32cube.ide.mcu.externaltools.gnu-tools-for-stm32.7-2018-q2-update.win32_1.4.0.202007081208/tools/bin/../lib/gcc/arm-none-eabi/7.3.1/../../../../arm-none-eabi/lib/thumb/v7-m\libc_nano.a(lib_a-impure.o)
                0x000000002000000c                _impure_ptr
 .data.impure_data
                0x0000000020000010       0x60 d:/learningsoftware/stm32cubeide/stm32cubeide/stm32cubeide/plugins/com.st.stm32cube.ide.mcu.externaltools.gnu-tools-for-stm32.7-2018-q2-update.win32_1.4.0.202007081208/tools/bin/../lib/gcc/arm-none-eabi/7.3.1/../../../../arm-none-eabi/lib/thumb/v7-m\libc_nano.a(lib_a-impure.o)
                0x0000000020000070                . = ALIGN (0x4)
                0x0000000020000070                _edata = .

.igot.plt       0x0000000020000070        0x0 load address 0x00000000080032f4
 .igot.plt      0x0000000020000070        0x0 d:/learningsoftware/stm32cubeide/stm32cubeide/stm32cubeide/plugins/com.st.stm32cube.ide.mcu.externaltools.gnu-tools-for-stm32.7-2018-q2-update.win32_1.4.0.202007081208/tools/bin/../lib/gcc/arm-none-eabi/7.3.1/thumb/v7-m/crtbegin.o
                0x0000000020000070                . = ALIGN (0x4)

.bss            0x0000000020000070      0x148 load address 0x00000000080032f4
                0x0000000020000070                _sbss = .
                0x0000000020000070                __bss_start__ = _sbss
 *(.bss)
 .bss           0x0000000020000070       0x1c d:/learningsoftware/stm32cubeide/stm32cubeide/stm32cubeide/plugins/com.st.stm32cube.ide.mcu.externaltools.gnu-tools-for-stm32.7-2018-q2-update.win32_1.4.0.202007081208/tools/bin/../lib/gcc/arm-none-eabi/7.3.1/thumb/v7-m/crtbegin.o
 *(.bss*)
 .bss.xErrorCount
                0x000000002000008c        0x4 Core/Src/main.o
 .bss.aPos      0x0000000020000090        0x5 Core/Src/main.o
 *fill*         0x0000000020000095        0x3 
 .bss.old_pos.8746
                0x0000000020000098        0x4 Core/Src/main.o
 .bss.__sbrk_heap_end
                0x000000002000009c        0x4 Core/Src/sysmem.o
 .bss.__malloc_free_list
                0x00000000200000a0        0x4 d:/learningsoftware/stm32cubeide/stm32cubeide/stm32cubeide/plugins/com.st.stm32cube.ide.mcu.externaltools.gnu-tools-for-stm32.7-2018-q2-update.win32_1.4.0.202007081208/tools/bin/../lib/gcc/arm-none-eabi/7.3.1/../../../../arm-none-eabi/lib/thumb/v7-m\libc_nano.a(lib_a-nano-mallocr.o)
                0x00000000200000a0                __malloc_free_list
 .bss.__malloc_sbrk_start
                0x00000000200000a4        0x4 d:/learningsoftware/stm32cubeide/stm32cubeide/stm32cubeide/plugins/com.st.stm32cube.ide.mcu.externaltools.gnu-tools-for-stm32.7-2018-q2-update.win32_1.4.0.202007081208/tools/bin/../lib/gcc/arm-none-eabi/7.3.1/../../../../arm-none-eabi/lib/thumb/v7-m\libc_nano.a(lib_a-nano-mallocr.o)
                0x00000000200000a4                __malloc_sbrk_start
 *(COMMON)
 COMMON         0x00000000200000a8       0xc8 Core/Src/main.o
                0x00000000200000a8                ucGeneralString
                0x000000002000010c                UART_Buffer
 COMMON         0x0000000020000170       0x40 Core/Src/stm32f1xx_hal_timebase_tim.o
                0x0000000020000170                htim4
 COMMON         0x00000000200001b0        0x4 Drivers/STM32F1xx_HAL_Driver/Src/stm32f1xx_hal.o
                0x00000000200001b0                uwTick
 COMMON         0x00000000200001b4        0x4 d:/learningsoftware/stm32cubeide/stm32cubeide/stm32cubeide/plugins/com.st.stm32cube.ide.mcu.externaltools.gnu-tools-for-stm32.7-2018-q2-update.win32_1.4.0.202007081208/tools/bin/../lib/gcc/arm-none-eabi/7.3.1/../../../../arm-none-eabi/lib/thumb/v7-m\libc_nano.a(lib_a-reent.o)
                0x00000000200001b4                errno
                0x00000000200001b8                . = ALIGN (0x4)
                0x00000000200001b8                _ebss = .
                0x00000000200001b8                __bss_end__ = _ebss

._user_heap_stack
                0x00000000200001b8      0x600 load address 0x00000000080032f4
                0x00000000200001b8                . = ALIGN (0x8)
                [!provide]                        PROVIDE (end = .)
                0x00000000200001b8                PROVIDE (_end = .)
                0x00000000200003b8                . = (. + _Min_Heap_Size)
 *fill*         0x00000000200001b8      0x200 
                0x00000000200007b8                . = (. + _Min_Stack_Size)
 *fill*         0x00000000200003b8      0x400 
                0x00000000200007b8                . = ALIGN (0x8)

/DISCARD/
 libc.a(*)
 libm.a(*)
 libgcc.a(*)

.ARM.attributes
                0x0000000000000000       0x29
 *(.ARM.attributes)
 .ARM.attributes
                0x0000000000000000       0x1d d:/learningsoftware/stm32cubeide/stm32cubeide/stm32cubeide/plugins/com.st.stm32cube.ide.mcu.externaltools.gnu-tools-for-stm32.7-2018-q2-update.win32_1.4.0.202007081208/tools/bin/../lib/gcc/arm-none-eabi/7.3.1/thumb/v7-m/crti.o
 .ARM.attributes
                0x000000000000001d       0x2d d:/learningsoftware/stm32cubeide/stm32cubeide/stm32cubeide/plugins/com.st.stm32cube.ide.mcu.externaltools.gnu-tools-for-stm32.7-2018-q2-update.win32_1.4.0.202007081208/tools/bin/../lib/gcc/arm-none-eabi/7.3.1/thumb/v7-m/crtbegin.o
 .ARM.attributes
                0x000000000000004a       0x33 Core/Src/main.o
 .ARM.attributes
                0x000000000000007d       0x33 Core/Src/myLib.o
 .ARM.attributes
                0x00000000000000b0       0x33 Core/Src/stm32f1xx_hal_msp.o
 .ARM.attributes
                0x00000000000000e3       0x33 Core/Src/stm32f1xx_hal_timebase_tim.o
 .ARM.attributes
                0x0000000000000116       0x33 Core/Src/stm32f1xx_it.o
 .ARM.attributes
                0x0000000000000149       0x33 Core/Src/sysmem.o
 .ARM.attributes
                0x000000000000017c       0x33 Core/Src/system_stm32f1xx.o
 .ARM.attributes
                0x00000000000001af       0x21 Core/Startup/startup_stm32f103c8tx.o
 .ARM.attributes
                0x00000000000001d0       0x33 Drivers/STM32F1xx_HAL_Driver/Src/stm32f1xx_hal.o
 .ARM.attributes
                0x0000000000000203       0x33 Drivers/STM32F1xx_HAL_Driver/Src/stm32f1xx_hal_cortex.o
 .ARM.attributes
                0x0000000000000236       0x33 Drivers/STM32F1xx_HAL_Driver/Src/stm32f1xx_hal_gpio.o
 .ARM.attributes
                0x0000000000000269       0x33 Drivers/STM32F1xx_HAL_Driver/Src/stm32f1xx_hal_rcc.o
 .ARM.attributes
                0x000000000000029c       0x33 Drivers/STM32F1xx_HAL_Driver/Src/stm32f1xx_hal_tim.o
 .ARM.attributes
                0x00000000000002cf       0x33 Drivers/STM32F1xx_HAL_Driver/Src/stm32f1xx_hal_tim_ex.o
 .ARM.attributes
                0x0000000000000302       0x33 Drivers/STM32F1xx_HAL_Driver/Src/stm32f1xx_ll_dma.o
 .ARM.attributes
                0x0000000000000335       0x33 Drivers/STM32F1xx_HAL_Driver/Src/stm32f1xx_ll_gpio.o
 .ARM.attributes
                0x0000000000000368       0x33 Drivers/STM32F1xx_HAL_Driver/Src/stm32f1xx_ll_rcc.o
 .ARM.attributes
                0x000000000000039b       0x33 Drivers/STM32F1xx_HAL_Driver/Src/stm32f1xx_ll_usart.o
 .ARM.attributes
                0x00000000000003ce       0x2d d:/learningsoftware/stm32cubeide/stm32cubeide/stm32cubeide/plugins/com.st.stm32cube.ide.mcu.externaltools.gnu-tools-for-stm32.7-2018-q2-update.win32_1.4.0.202007081208/tools/bin/../lib/gcc/arm-none-eabi/7.3.1/../../../../arm-none-eabi/lib/thumb/v7-m\libc_nano.a(lib_a-errno.o)
 .ARM.attributes
                0x00000000000003fb       0x2d d:/learningsoftware/stm32cubeide/stm32cubeide/stm32cubeide/plugins/com.st.stm32cube.ide.mcu.externaltools.gnu-tools-for-stm32.7-2018-q2-update.win32_1.4.0.202007081208/tools/bin/../lib/gcc/arm-none-eabi/7.3.1/../../../../arm-none-eabi/lib/thumb/v7-m\libc_nano.a(lib_a-impure.o)
 .ARM.attributes
                0x0000000000000428       0x2d d:/learningsoftware/stm32cubeide/stm32cubeide/stm32cubeide/plugins/com.st.stm32cube.ide.mcu.externaltools.gnu-tools-for-stm32.7-2018-q2-update.win32_1.4.0.202007081208/tools/bin/../lib/gcc/arm-none-eabi/7.3.1/../../../../arm-none-eabi/lib/thumb/v7-m\libc_nano.a(lib_a-init.o)
 .ARM.attributes
                0x0000000000000455       0x2d d:/learningsoftware/stm32cubeide/stm32cubeide/stm32cubeide/plugins/com.st.stm32cube.ide.mcu.externaltools.gnu-tools-for-stm32.7-2018-q2-update.win32_1.4.0.202007081208/tools/bin/../lib/gcc/arm-none-eabi/7.3.1/../../../../arm-none-eabi/lib/thumb/v7-m\libc_nano.a(lib_a-memset.o)
 .ARM.attributes
                0x0000000000000482       0x2d d:/learningsoftware/stm32cubeide/stm32cubeide/stm32cubeide/plugins/com.st.stm32cube.ide.mcu.externaltools.gnu-tools-for-stm32.7-2018-q2-update.win32_1.4.0.202007081208/tools/bin/../lib/gcc/arm-none-eabi/7.3.1/../../../../arm-none-eabi/lib/thumb/v7-m\libc_nano.a(lib_a-sprintf.o)
 .ARM.attributes
                0x00000000000004af       0x2d d:/learningsoftware/stm32cubeide/stm32cubeide/stm32cubeide/plugins/com.st.stm32cube.ide.mcu.externaltools.gnu-tools-for-stm32.7-2018-q2-update.win32_1.4.0.202007081208/tools/bin/../lib/gcc/arm-none-eabi/7.3.1/../../../../arm-none-eabi/lib/thumb/v7-m\libc_nano.a(lib_a-strcpy.o)
 .ARM.attributes
                0x00000000000004dc       0x17 d:/learningsoftware/stm32cubeide/stm32cubeide/stm32cubeide/plugins/com.st.stm32cube.ide.mcu.externaltools.gnu-tools-for-stm32.7-2018-q2-update.win32_1.4.0.202007081208/tools/bin/../lib/gcc/arm-none-eabi/7.3.1/../../../../arm-none-eabi/lib/thumb/v7-m\libc_nano.a(lib_a-strlen.o)
 .ARM.attributes
                0x00000000000004f3       0x2d d:/learningsoftware/stm32cubeide/stm32cubeide/stm32cubeide/plugins/com.st.stm32cube.ide.mcu.externaltools.gnu-tools-for-stm32.7-2018-q2-update.win32_1.4.0.202007081208/tools/bin/../lib/gcc/arm-none-eabi/7.3.1/../../../../arm-none-eabi/lib/thumb/v7-m\libc_nano.a(lib_a-nano-svfprintf.o)
 .ARM.attributes
                0x0000000000000520       0x2d d:/learningsoftware/stm32cubeide/stm32cubeide/stm32cubeide/plugins/com.st.stm32cube.ide.mcu.externaltools.gnu-tools-for-stm32.7-2018-q2-update.win32_1.4.0.202007081208/tools/bin/../lib/gcc/arm-none-eabi/7.3.1/../../../../arm-none-eabi/lib/thumb/v7-m\libc_nano.a(lib_a-nano-vfprintf_i.o)
 .ARM.attributes
                0x000000000000054d       0x2d d:/learningsoftware/stm32cubeide/stm32cubeide/stm32cubeide/plugins/com.st.stm32cube.ide.mcu.externaltools.gnu-tools-for-stm32.7-2018-q2-update.win32_1.4.0.202007081208/tools/bin/../lib/gcc/arm-none-eabi/7.3.1/../../../../arm-none-eabi/lib/thumb/v7-m\libc_nano.a(lib_a-memchr-stub.o)
 .ARM.attributes
                0x000000000000057a       0x2d d:/learningsoftware/stm32cubeide/stm32cubeide/stm32cubeide/plugins/com.st.stm32cube.ide.mcu.externaltools.gnu-tools-for-stm32.7-2018-q2-update.win32_1.4.0.202007081208/tools/bin/../lib/gcc/arm-none-eabi/7.3.1/../../../../arm-none-eabi/lib/thumb/v7-m\libc_nano.a(lib_a-memcpy-stub.o)
 .ARM.attributes
                0x00000000000005a7       0x2d d:/learningsoftware/stm32cubeide/stm32cubeide/stm32cubeide/plugins/com.st.stm32cube.ide.mcu.externaltools.gnu-tools-for-stm32.7-2018-q2-update.win32_1.4.0.202007081208/tools/bin/../lib/gcc/arm-none-eabi/7.3.1/../../../../arm-none-eabi/lib/thumb/v7-m\libc_nano.a(lib_a-memmove.o)
 .ARM.attributes
                0x00000000000005d4       0x2d d:/learningsoftware/stm32cubeide/stm32cubeide/stm32cubeide/plugins/com.st.stm32cube.ide.mcu.externaltools.gnu-tools-for-stm32.7-2018-q2-update.win32_1.4.0.202007081208/tools/bin/../lib/gcc/arm-none-eabi/7.3.1/../../../../arm-none-eabi/lib/thumb/v7-m\libc_nano.a(lib_a-nano-freer.o)
 .ARM.attributes
                0x0000000000000601       0x2d d:/learningsoftware/stm32cubeide/stm32cubeide/stm32cubeide/plugins/com.st.stm32cube.ide.mcu.externaltools.gnu-tools-for-stm32.7-2018-q2-update.win32_1.4.0.202007081208/tools/bin/../lib/gcc/arm-none-eabi/7.3.1/../../../../arm-none-eabi/lib/thumb/v7-m\libc_nano.a(lib_a-nano-mallocr.o)
 .ARM.attributes
                0x000000000000062e       0x2d d:/learningsoftware/stm32cubeide/stm32cubeide/stm32cubeide/plugins/com.st.stm32cube.ide.mcu.externaltools.gnu-tools-for-stm32.7-2018-q2-update.win32_1.4.0.202007081208/tools/bin/../lib/gcc/arm-none-eabi/7.3.1/../../../../arm-none-eabi/lib/thumb/v7-m\libc_nano.a(lib_a-nano-reallocr.o)
 .ARM.attributes
                0x000000000000065b       0x2d d:/learningsoftware/stm32cubeide/stm32cubeide/stm32cubeide/plugins/com.st.stm32cube.ide.mcu.externaltools.gnu-tools-for-stm32.7-2018-q2-update.win32_1.4.0.202007081208/tools/bin/../lib/gcc/arm-none-eabi/7.3.1/../../../../arm-none-eabi/lib/thumb/v7-m\libc_nano.a(lib_a-sbrkr.o)
 .ARM.attributes
                0x0000000000000688       0x2d d:/learningsoftware/stm32cubeide/stm32cubeide/stm32cubeide/plugins/com.st.stm32cube.ide.mcu.externaltools.gnu-tools-for-stm32.7-2018-q2-update.win32_1.4.0.202007081208/tools/bin/../lib/gcc/arm-none-eabi/7.3.1/../../../../arm-none-eabi/lib/thumb/v7-m\libc_nano.a(lib_a-mlock.o)
 .ARM.attributes
                0x00000000000006b5       0x2d d:/learningsoftware/stm32cubeide/stm32cubeide/stm32cubeide/plugins/com.st.stm32cube.ide.mcu.externaltools.gnu-tools-for-stm32.7-2018-q2-update.win32_1.4.0.202007081208/tools/bin/../lib/gcc/arm-none-eabi/7.3.1/../../../../arm-none-eabi/lib/thumb/v7-m\libc_nano.a(lib_a-nano-msizer.o)
 .ARM.attributes
                0x00000000000006e2       0x2d d:/learningsoftware/stm32cubeide/stm32cubeide/stm32cubeide/plugins/com.st.stm32cube.ide.mcu.externaltools.gnu-tools-for-stm32.7-2018-q2-update.win32_1.4.0.202007081208/tools/bin/../lib/gcc/arm-none-eabi/7.3.1/../../../../arm-none-eabi/lib/thumb/v7-m\libc_nano.a(lib_a-reent.o)
 .ARM.attributes
                0x000000000000070f       0x1d d:/learningsoftware/stm32cubeide/stm32cubeide/stm32cubeide/plugins/com.st.stm32cube.ide.mcu.externaltools.gnu-tools-for-stm32.7-2018-q2-update.win32_1.4.0.202007081208/tools/bin/../lib/gcc/arm-none-eabi/7.3.1/thumb/v7-m/crtn.o
OUTPUT(UART_RX_DMA.elf elf32-littlearm)

.debug_info     0x0000000000000000     0xc62c
 .debug_info    0x0000000000000000     0x18c9 Core/Src/main.o
 .debug_info    0x00000000000018c9      0xaef Core/Src/myLib.o
 .debug_info    0x00000000000023b8      0xb24 Core/Src/stm32f1xx_hal_msp.o
 .debug_info    0x0000000000002edc      0x8e8 Core/Src/stm32f1xx_hal_timebase_tim.o
 .debug_info    0x00000000000037c4     0x11ce Core/Src/stm32f1xx_it.o
 .debug_info    0x0000000000004992      0x985 Core/Src/sysmem.o
 .debug_info    0x0000000000005317      0x433 Core/Src/system_stm32f1xx.o
 .debug_info    0x000000000000574a       0x22 Core/Startup/startup_stm32f103c8tx.o
 .debug_info    0x000000000000576c      0x6fe Drivers/STM32F1xx_HAL_Driver/Src/stm32f1xx_hal.o
 .debug_info    0x0000000000005e6a      0xb46 Drivers/STM32F1xx_HAL_Driver/Src/stm32f1xx_hal_cortex.o
 .debug_info    0x00000000000069b0      0x681 Drivers/STM32F1xx_HAL_Driver/Src/stm32f1xx_hal_gpio.o
 .debug_info    0x0000000000007031      0x804 Drivers/STM32F1xx_HAL_Driver/Src/stm32f1xx_hal_rcc.o
 .debug_info    0x0000000000007835     0x2456 Drivers/STM32F1xx_HAL_Driver/Src/stm32f1xx_hal_tim.o
 .debug_info    0x0000000000009c8b     0x1104 Drivers/STM32F1xx_HAL_Driver/Src/stm32f1xx_hal_tim_ex.o
 .debug_info    0x000000000000ad8f      0x59b Drivers/STM32F1xx_HAL_Driver/Src/stm32f1xx_ll_dma.o
 .debug_info    0x000000000000b32a      0x6be Drivers/STM32F1xx_HAL_Driver/Src/stm32f1xx_ll_gpio.o
 .debug_info    0x000000000000b9e8      0x5df Drivers/STM32F1xx_HAL_Driver/Src/stm32f1xx_ll_rcc.o
 .debug_info    0x000000000000bfc7      0x665 Drivers/STM32F1xx_HAL_Driver/Src/stm32f1xx_ll_usart.o

.debug_abbrev   0x0000000000000000     0x2274
 .debug_abbrev  0x0000000000000000      0x2f2 Core/Src/main.o
 .debug_abbrev  0x00000000000002f2      0x221 Core/Src/myLib.o
 .debug_abbrev  0x0000000000000513      0x1d6 Core/Src/stm32f1xx_hal_msp.o
 .debug_abbrev  0x00000000000006e9      0x19d Core/Src/stm32f1xx_hal_timebase_tim.o
 .debug_abbrev  0x0000000000000886      0x26b Core/Src/stm32f1xx_it.o
 .debug_abbrev  0x0000000000000af1      0x19b Core/Src/sysmem.o
 .debug_abbrev  0x0000000000000c8c      0x134 Core/Src/system_stm32f1xx.o
 .debug_abbrev  0x0000000000000dc0       0x12 Core/Startup/startup_stm32f103c8tx.o
 .debug_abbrev  0x0000000000000dd2      0x1d8 Drivers/STM32F1xx_HAL_Driver/Src/stm32f1xx_hal.o
 .debug_abbrev  0x0000000000000faa      0x2d5 Drivers/STM32F1xx_HAL_Driver/Src/stm32f1xx_hal_cortex.o
 .debug_abbrev  0x000000000000127f      0x1c0 Drivers/STM32F1xx_HAL_Driver/Src/stm32f1xx_hal_gpio.o
 .debug_abbrev  0x000000000000143f      0x243 Drivers/STM32F1xx_HAL_Driver/Src/stm32f1xx_hal_rcc.o
 .debug_abbrev  0x0000000000001682      0x230 Drivers/STM32F1xx_HAL_Driver/Src/stm32f1xx_hal_tim.o
 .debug_abbrev  0x00000000000018b2      0x21e Drivers/STM32F1xx_HAL_Driver/Src/stm32f1xx_hal_tim_ex.o
 .debug_abbrev  0x0000000000001ad0      0x193 Drivers/STM32F1xx_HAL_Driver/Src/stm32f1xx_ll_dma.o
 .debug_abbrev  0x0000000000001c63      0x210 Drivers/STM32F1xx_HAL_Driver/Src/stm32f1xx_ll_gpio.o
 .debug_abbrev  0x0000000000001e73      0x250 Drivers/STM32F1xx_HAL_Driver/Src/stm32f1xx_ll_rcc.o
 .debug_abbrev  0x00000000000020c3      0x1b1 Drivers/STM32F1xx_HAL_Driver/Src/stm32f1xx_ll_usart.o

.debug_aranges  0x0000000000000000      0xc90
 .debug_aranges
                0x0000000000000000       0xc0 Core/Src/main.o
 .debug_aranges
                0x00000000000000c0       0x30 Core/Src/myLib.o
 .debug_aranges
                0x00000000000000f0       0x20 Core/Src/stm32f1xx_hal_msp.o
 .debug_aranges
                0x0000000000000110       0x30 Core/Src/stm32f1xx_hal_timebase_tim.o
 .debug_aranges
                0x0000000000000140       0xd8 Core/Src/stm32f1xx_it.o
 .debug_aranges
                0x0000000000000218       0x20 Core/Src/sysmem.o
 .debug_aranges
                0x0000000000000238       0x28 Core/Src/system_stm32f1xx.o
 .debug_aranges
                0x0000000000000260       0x28 Core/Startup/startup_stm32f103c8tx.o
 .debug_aranges
                0x0000000000000288       0xe0 Drivers/STM32F1xx_HAL_Driver/Src/stm32f1xx_hal.o
 .debug_aranges
                0x0000000000000368      0x100 Drivers/STM32F1xx_HAL_Driver/Src/stm32f1xx_hal_cortex.o
 .debug_aranges
                0x0000000000000468       0x58 Drivers/STM32F1xx_HAL_Driver/Src/stm32f1xx_hal_gpio.o
 .debug_aranges
                0x00000000000004c0       0x90 Drivers/STM32F1xx_HAL_Driver/Src/stm32f1xx_hal_rcc.o
 .debug_aranges
                0x0000000000000550      0x3a8 Drivers/STM32F1xx_HAL_Driver/Src/stm32f1xx_hal_tim.o
 .debug_aranges
                0x00000000000008f8      0x150 Drivers/STM32F1xx_HAL_Driver/Src/stm32f1xx_hal_tim_ex.o
 .debug_aranges
                0x0000000000000a48       0x88 Drivers/STM32F1xx_HAL_Driver/Src/stm32f1xx_ll_dma.o
 .debug_aranges
                0x0000000000000ad0       0x60 Drivers/STM32F1xx_HAL_Driver/Src/stm32f1xx_ll_gpio.o
 .debug_aranges
                0x0000000000000b30       0xd8 Drivers/STM32F1xx_HAL_Driver/Src/stm32f1xx_ll_rcc.o
 .debug_aranges
                0x0000000000000c08       0x88 Drivers/STM32F1xx_HAL_Driver/Src/stm32f1xx_ll_usart.o

.debug_ranges   0x0000000000000000      0xb78
 .debug_ranges  0x0000000000000000       0xb0 Core/Src/main.o
 .debug_ranges  0x00000000000000b0       0x20 Core/Src/myLib.o
 .debug_ranges  0x00000000000000d0       0x10 Core/Src/stm32f1xx_hal_msp.o
 .debug_ranges  0x00000000000000e0       0x20 Core/Src/stm32f1xx_hal_timebase_tim.o
 .debug_ranges  0x0000000000000100       0xc8 Core/Src/stm32f1xx_it.o
 .debug_ranges  0x00000000000001c8       0x10 Core/Src/sysmem.o
 .debug_ranges  0x00000000000001d8       0x18 Core/Src/system_stm32f1xx.o
 .debug_ranges  0x00000000000001f0       0x20 Core/Startup/startup_stm32f103c8tx.o
 .debug_ranges  0x0000000000000210       0xd0 Drivers/STM32F1xx_HAL_Driver/Src/stm32f1xx_hal.o
 .debug_ranges  0x00000000000002e0       0xf0 Drivers/STM32F1xx_HAL_Driver/Src/stm32f1xx_hal_cortex.o
 .debug_ranges  0x00000000000003d0       0x48 Drivers/STM32F1xx_HAL_Driver/Src/stm32f1xx_hal_gpio.o
 .debug_ranges  0x0000000000000418       0x80 Drivers/STM32F1xx_HAL_Driver/Src/stm32f1xx_hal_rcc.o
 .debug_ranges  0x0000000000000498      0x398 Drivers/STM32F1xx_HAL_Driver/Src/stm32f1xx_hal_tim.o
 .debug_ranges  0x0000000000000830      0x140 Drivers/STM32F1xx_HAL_Driver/Src/stm32f1xx_hal_tim_ex.o
 .debug_ranges  0x0000000000000970       0x78 Drivers/STM32F1xx_HAL_Driver/Src/stm32f1xx_ll_dma.o
 .debug_ranges  0x00000000000009e8       0x50 Drivers/STM32F1xx_HAL_Driver/Src/stm32f1xx_ll_gpio.o
 .debug_ranges  0x0000000000000a38       0xc8 Drivers/STM32F1xx_HAL_Driver/Src/stm32f1xx_ll_rcc.o
 .debug_ranges  0x0000000000000b00       0x78 Drivers/STM32F1xx_HAL_Driver/Src/stm32f1xx_ll_usart.o

.debug_macro    0x0000000000000000    0x1666c
 .debug_macro   0x0000000000000000      0x392 Core/Src/main.o
 .debug_macro   0x0000000000000392      0xa60 Core/Src/main.o
 .debug_macro   0x0000000000000df2      0x215 Core/Src/main.o
 .debug_macro   0x0000000000001007       0x2e Core/Src/main.o
 .debug_macro   0x0000000000001035       0x22 Core/Src/main.o
 .debug_macro   0x0000000000001057       0x22 Core/Src/main.o
 .debug_macro   0x0000000000001079       0x8e Core/Src/main.o
 .debug_macro   0x0000000000001107       0x51 Core/Src/main.o
 .debug_macro   0x0000000000001158       0xef Core/Src/main.o
 .debug_macro   0x0000000000001247       0x6a Core/Src/main.o
 .debug_macro   0x00000000000012b1      0x1df Core/Src/main.o
 .debug_macro   0x0000000000001490       0x1c Core/Src/main.o
 .debug_macro   0x00000000000014ac       0x22 Core/Src/main.o
 .debug_macro   0x00000000000014ce       0xc3 Core/Src/main.o
 .debug_macro   0x0000000000001591      0xd23 Core/Src/main.o
 .debug_macro   0x00000000000022b4     0xe09e Core/Src/main.o
 .debug_macro   0x0000000000010352       0x43 Core/Src/main.o
 .debug_macro   0x0000000000010395      0x174 Core/Src/main.o
 .debug_macro   0x0000000000010509       0x5a Core/Src/main.o
 .debug_macro   0x0000000000010563      0x5be Core/Src/main.o
 .debug_macro   0x0000000000010b21      0x289 Core/Src/main.o
 .debug_macro   0x0000000000010daa      0x1cb Core/Src/main.o
 .debug_macro   0x0000000000010f75      0x114 Core/Src/main.o
 .debug_macro   0x0000000000011089      0x1b2 Core/Src/main.o
 .debug_macro   0x000000000001123b       0x27 Core/Src/main.o
 .debug_macro   0x0000000000011262      0x136 Core/Src/main.o
 .debug_macro   0x0000000000011398      0x1bc Core/Src/main.o
 .debug_macro   0x0000000000011554       0x34 Core/Src/main.o
 .debug_macro   0x0000000000011588       0x3c Core/Src/main.o
 .debug_macro   0x00000000000115c4       0x57 Core/Src/main.o
 .debug_macro   0x000000000001161b       0x88 Core/Src/main.o
 .debug_macro   0x00000000000116a3      0x241 Core/Src/main.o
 .debug_macro   0x00000000000118e4      0x141 Core/Src/main.o
 .debug_macro   0x0000000000011a25      0x88b Core/Src/main.o
 .debug_macro   0x00000000000122b0       0x83 Core/Src/main.o
 .debug_macro   0x0000000000012333      0x287 Core/Src/main.o
 .debug_macro   0x00000000000125ba      0x1b4 Core/Src/main.o
 .debug_macro   0x000000000001276e      0x2be Core/Src/main.o
 .debug_macro   0x0000000000012a2c       0xd7 Core/Src/main.o
 .debug_macro   0x0000000000012b03       0x74 Core/Src/main.o
 .debug_macro   0x0000000000012b77       0xd0 Core/Src/main.o
 .debug_macro   0x0000000000012c47       0x28 Core/Src/main.o
 .debug_macro   0x0000000000012c6f       0x2a Core/Src/main.o
 .debug_macro   0x0000000000012c99       0x90 Core/Src/main.o
 .debug_macro   0x0000000000012d29      0x22a Core/Src/main.o
 .debug_macro   0x0000000000012f53       0x46 Core/Src/main.o
 .debug_macro   0x0000000000012f99       0x18 Core/Src/main.o
 .debug_macro   0x0000000000012fb1       0x3c Core/Src/main.o
 .debug_macro   0x0000000000012fed       0x34 Core/Src/main.o
 .debug_macro   0x0000000000013021       0x52 Core/Src/main.o
 .debug_macro   0x0000000000013073       0x1f Core/Src/main.o
 .debug_macro   0x0000000000013092       0x43 Core/Src/main.o
 .debug_macro   0x00000000000130d5       0x20 Core/Src/main.o
 .debug_macro   0x00000000000130f5      0x1a3 Core/Src/main.o
 .debug_macro   0x0000000000013298      0x32a Core/Src/main.o
 .debug_macro   0x00000000000135c2       0x10 Core/Src/main.o
 .debug_macro   0x00000000000135d2       0x35 Core/Src/main.o
 .debug_macro   0x0000000000013607       0x20 Core/Src/main.o
 .debug_macro   0x0000000000013627       0x1c Core/Src/main.o
 .debug_macro   0x0000000000013643       0x10 Core/Src/main.o
 .debug_macro   0x0000000000013653       0x10 Core/Src/main.o
 .debug_macro   0x0000000000013663       0x1c Core/Src/main.o
 .debug_macro   0x000000000001367f       0x52 Core/Src/main.o
 .debug_macro   0x00000000000136d1       0x40 Core/Src/main.o
 .debug_macro   0x0000000000013711       0x10 Core/Src/main.o
 .debug_macro   0x0000000000013721       0x40 Core/Src/main.o
 .debug_macro   0x0000000000013761       0xd7 Core/Src/main.o
 .debug_macro   0x0000000000013838       0x1c Core/Src/main.o
 .debug_macro   0x0000000000013854       0x3d Core/Src/main.o
 .debug_macro   0x0000000000013891       0x16 Core/Src/main.o
 .debug_macro   0x00000000000138a7      0x145 Core/Src/main.o
 .debug_macro   0x00000000000139ec       0x8e Core/Src/main.o
 .debug_macro   0x0000000000013a7a       0x70 Core/Src/main.o
 .debug_macro   0x0000000000013aea      0x392 Core/Src/myLib.o
 .debug_macro   0x0000000000013e7c      0x392 Core/Src/stm32f1xx_hal_msp.o
 .debug_macro   0x000000000001420e      0x190 Core/Src/stm32f1xx_hal_timebase_tim.o
 .debug_macro   0x000000000001439e      0x39c Core/Src/stm32f1xx_it.o
 .debug_macro   0x000000000001473a       0xee Core/Src/sysmem.o
 .debug_macro   0x0000000000014828      0x23b Core/Src/sysmem.o
 .debug_macro   0x0000000000014a63      0x196 Core/Src/system_stm32f1xx.o
 .debug_macro   0x0000000000014bf9      0x1b4 Drivers/STM32F1xx_HAL_Driver/Src/stm32f1xx_hal.o
 .debug_macro   0x0000000000014dad      0x190 Drivers/STM32F1xx_HAL_Driver/Src/stm32f1xx_hal_cortex.o
 .debug_macro   0x0000000000014f3d      0x1fb Drivers/STM32F1xx_HAL_Driver/Src/stm32f1xx_hal_gpio.o
 .debug_macro   0x0000000000015138      0x1a2 Drivers/STM32F1xx_HAL_Driver/Src/stm32f1xx_hal_rcc.o
 .debug_macro   0x00000000000152da      0x191 Drivers/STM32F1xx_HAL_Driver/Src/stm32f1xx_hal_tim.o
 .debug_macro   0x000000000001546b      0x190 Drivers/STM32F1xx_HAL_Driver/Src/stm32f1xx_hal_tim_ex.o
 .debug_macro   0x00000000000155fb      0x1e4 Drivers/STM32F1xx_HAL_Driver/Src/stm32f1xx_ll_dma.o
 .debug_macro   0x00000000000157df      0x281 Drivers/STM32F1xx_HAL_Driver/Src/stm32f1xx_ll_dma.o
 .debug_macro   0x0000000000015a60      0x1cc Drivers/STM32F1xx_HAL_Driver/Src/stm32f1xx_ll_gpio.o
 .debug_macro   0x0000000000015c2c      0x224 Drivers/STM32F1xx_HAL_Driver/Src/stm32f1xx_ll_gpio.o
 .debug_macro   0x0000000000015e50      0x1b1 Drivers/STM32F1xx_HAL_Driver/Src/stm32f1xx_ll_rcc.o
 .debug_macro   0x0000000000016001      0x2b8 Drivers/STM32F1xx_HAL_Driver/Src/stm32f1xx_ll_rcc.o
 .debug_macro   0x00000000000162b9      0x205 Drivers/STM32F1xx_HAL_Driver/Src/stm32f1xx_ll_usart.o
 .debug_macro   0x00000000000164be      0x1ae Drivers/STM32F1xx_HAL_Driver/Src/stm32f1xx_ll_usart.o

.debug_line     0x0000000000000000     0xc04c
 .debug_line    0x0000000000000000      0xec1 Core/Src/main.o
 .debug_line    0x0000000000000ec1      0xcb2 Core/Src/myLib.o
 .debug_line    0x0000000000001b73      0xc99 Core/Src/stm32f1xx_hal_msp.o
 .debug_line    0x000000000000280c      0x7c8 Core/Src/stm32f1xx_hal_timebase_tim.o
 .debug_line    0x0000000000002fd4      0xe98 Core/Src/stm32f1xx_it.o
 .debug_line    0x0000000000003e6c      0x71e Core/Src/sysmem.o
 .debug_line    0x000000000000458a      0x7c5 Core/Src/system_stm32f1xx.o
 .debug_line    0x0000000000004d4f       0x84 Core/Startup/startup_stm32f103c8tx.o
 .debug_line    0x0000000000004dd3      0x96d Drivers/STM32F1xx_HAL_Driver/Src/stm32f1xx_hal.o
 .debug_line    0x0000000000005740      0xa46 Drivers/STM32F1xx_HAL_Driver/Src/stm32f1xx_hal_cortex.o
 .debug_line    0x0000000000006186      0x96d Drivers/STM32F1xx_HAL_Driver/Src/stm32f1xx_hal_gpio.o
 .debug_line    0x0000000000006af3      0xa2f Drivers/STM32F1xx_HAL_Driver/Src/stm32f1xx_hal_rcc.o
 .debug_line    0x0000000000007522     0x1833 Drivers/STM32F1xx_HAL_Driver/Src/stm32f1xx_hal_tim.o
 .debug_line    0x0000000000008d55      0xd80 Drivers/STM32F1xx_HAL_Driver/Src/stm32f1xx_hal_tim_ex.o
 .debug_line    0x0000000000009ad5      0x981 Drivers/STM32F1xx_HAL_Driver/Src/stm32f1xx_ll_dma.o
 .debug_line    0x000000000000a456      0x914 Drivers/STM32F1xx_HAL_Driver/Src/stm32f1xx_ll_gpio.o
 .debug_line    0x000000000000ad6a      0x9c2 Drivers/STM32F1xx_HAL_Driver/Src/stm32f1xx_ll_rcc.o
 .debug_line    0x000000000000b72c      0x920 Drivers/STM32F1xx_HAL_Driver/Src/stm32f1xx_ll_usart.o

.debug_str      0x0000000000000000    0x76d09
 .debug_str     0x0000000000000000    0x72da4 Core/Src/main.o
                                      0x732e8 (size before relaxing)
 .debug_str     0x0000000000072da4       0x50 Core/Src/myLib.o
                                      0x72786 (size before relaxing)
 .debug_str     0x0000000000072df4       0x5a Core/Src/stm32f1xx_hal_msp.o
                                      0x72773 (size before relaxing)
 .debug_str     0x0000000000072e4e       0xaa Core/Src/stm32f1xx_hal_timebase_tim.o
                                      0x694ba (size before relaxing)
 .debug_str     0x0000000000072ef8      0x229 Core/Src/stm32f1xx_it.o
                                      0x72d0f (size before relaxing)
 .debug_str     0x0000000000073121      0x4e9 Core/Src/sysmem.o
                                       0x5f59 (size before relaxing)
 .debug_str     0x000000000007360a       0xc2 Core/Src/system_stm32f1xx.o
                                      0x68dd8 (size before relaxing)
 .debug_str     0x00000000000736cc       0x36 Core/Startup/startup_stm32f103c8tx.o
                                         0x74 (size before relaxing)
 .debug_str     0x0000000000073702      0x37a Drivers/STM32F1xx_HAL_Driver/Src/stm32f1xx_hal.o
                                      0x693e9 (size before relaxing)
 .debug_str     0x0000000000073a7c      0x2c8 Drivers/STM32F1xx_HAL_Driver/Src/stm32f1xx_hal_cortex.o
                                      0x693f7 (size before relaxing)
 .debug_str     0x0000000000073d44      0x324 Drivers/STM32F1xx_HAL_Driver/Src/stm32f1xx_hal_gpio.o
                                      0x69122 (size before relaxing)
 .debug_str     0x0000000000074068      0x259 Drivers/STM32F1xx_HAL_Driver/Src/stm32f1xx_hal_rcc.o
                                      0x6915b (size before relaxing)
 .debug_str     0x00000000000742c1      0xdd8 Drivers/STM32F1xx_HAL_Driver/Src/stm32f1xx_hal_tim.o
                                      0x69f26 (size before relaxing)
 .debug_str     0x0000000000075099      0x579 Drivers/STM32F1xx_HAL_Driver/Src/stm32f1xx_hal_tim_ex.o
                                      0x69726 (size before relaxing)
 .debug_str     0x0000000000075612      0x72b Drivers/STM32F1xx_HAL_Driver/Src/stm32f1xx_ll_dma.o
                                      0x6ac69 (size before relaxing)
 .debug_str     0x0000000000075d3d      0x3e6 Drivers/STM32F1xx_HAL_Driver/Src/stm32f1xx_ll_gpio.o
                                      0x6a6af (size before relaxing)
 .debug_str     0x0000000000076123      0x3a9 Drivers/STM32F1xx_HAL_Driver/Src/stm32f1xx_ll_rcc.o
                                      0x6a21a (size before relaxing)
 .debug_str     0x00000000000764cc      0x83d Drivers/STM32F1xx_HAL_Driver/Src/stm32f1xx_ll_usart.o
                                      0x6bae8 (size before relaxing)

.comment        0x0000000000000000       0x7b
 .comment       0x0000000000000000       0x7b Core/Src/main.o
                                         0x7c (size before relaxing)
 .comment       0x000000000000007b       0x7c Core/Src/myLib.o
 .comment       0x000000000000007b       0x7c Core/Src/stm32f1xx_hal_msp.o
 .comment       0x000000000000007b       0x7c Core/Src/stm32f1xx_hal_timebase_tim.o
 .comment       0x000000000000007b       0x7c Core/Src/stm32f1xx_it.o
 .comment       0x000000000000007b       0x7c Core/Src/sysmem.o
 .comment       0x000000000000007b       0x7c Core/Src/system_stm32f1xx.o
 .comment       0x000000000000007b       0x7c Drivers/STM32F1xx_HAL_Driver/Src/stm32f1xx_hal.o
 .comment       0x000000000000007b       0x7c Drivers/STM32F1xx_HAL_Driver/Src/stm32f1xx_hal_cortex.o
 .comment       0x000000000000007b       0x7c Drivers/STM32F1xx_HAL_Driver/Src/stm32f1xx_hal_gpio.o
 .comment       0x000000000000007b       0x7c Drivers/STM32F1xx_HAL_Driver/Src/stm32f1xx_hal_rcc.o
 .comment       0x000000000000007b       0x7c Drivers/STM32F1xx_HAL_Driver/Src/stm32f1xx_hal_tim.o
 .comment       0x000000000000007b       0x7c Drivers/STM32F1xx_HAL_Driver/Src/stm32f1xx_hal_tim_ex.o
 .comment       0x000000000000007b       0x7c Drivers/STM32F1xx_HAL_Driver/Src/stm32f1xx_ll_dma.o
 .comment       0x000000000000007b       0x7c Drivers/STM32F1xx_HAL_Driver/Src/stm32f1xx_ll_gpio.o
 .comment       0x000000000000007b       0x7c Drivers/STM32F1xx_HAL_Driver/Src/stm32f1xx_ll_rcc.o
 .comment       0x000000000000007b       0x7c Drivers/STM32F1xx_HAL_Driver/Src/stm32f1xx_ll_usart.o

.debug_frame    0x0000000000000000     0x368c
 .debug_frame   0x0000000000000000      0x330 Core/Src/main.o
 .debug_frame   0x0000000000000330       0x84 Core/Src/myLib.o
 .debug_frame   0x00000000000003b4       0x38 Core/Src/stm32f1xx_hal_msp.o
 .debug_frame   0x00000000000003ec       0x74 Core/Src/stm32f1xx_hal_timebase_tim.o
 .debug_frame   0x0000000000000460      0x334 Core/Src/stm32f1xx_it.o
 .debug_frame   0x0000000000000794       0x34 Core/Src/sysmem.o
 .debug_frame   0x00000000000007c8       0x58 Core/Src/system_stm32f1xx.o
 .debug_frame   0x0000000000000820      0x334 Drivers/STM32F1xx_HAL_Driver/Src/stm32f1xx_hal.o
 .debug_frame   0x0000000000000b54      0x428 Drivers/STM32F1xx_HAL_Driver/Src/stm32f1xx_hal_cortex.o
 .debug_frame   0x0000000000000f7c      0x14c Drivers/STM32F1xx_HAL_Driver/Src/stm32f1xx_hal_gpio.o
 .debug_frame   0x00000000000010c8      0x21c Drivers/STM32F1xx_HAL_Driver/Src/stm32f1xx_hal_rcc.o
 .debug_frame   0x00000000000012e4     0x10e8 Drivers/STM32F1xx_HAL_Driver/Src/stm32f1xx_hal_tim.o
 .debug_frame   0x00000000000023cc      0x5c0 Drivers/STM32F1xx_HAL_Driver/Src/stm32f1xx_hal_tim_ex.o
 .debug_frame   0x000000000000298c      0x238 Drivers/STM32F1xx_HAL_Driver/Src/stm32f1xx_ll_dma.o
 .debug_frame   0x0000000000002bc4      0x170 Drivers/STM32F1xx_HAL_Driver/Src/stm32f1xx_ll_gpio.o
 .debug_frame   0x0000000000002d34      0x34c Drivers/STM32F1xx_HAL_Driver/Src/stm32f1xx_ll_rcc.o
 .debug_frame   0x0000000000003080      0x234 Drivers/STM32F1xx_HAL_Driver/Src/stm32f1xx_ll_usart.o
 .debug_frame   0x00000000000032b4       0x20 d:/learningsoftware/stm32cubeide/stm32cubeide/stm32cubeide/plugins/com.st.stm32cube.ide.mcu.externaltools.gnu-tools-for-stm32.7-2018-q2-update.win32_1.4.0.202007081208/tools/bin/../lib/gcc/arm-none-eabi/7.3.1/../../../../arm-none-eabi/lib/thumb/v7-m\libc_nano.a(lib_a-errno.o)
 .debug_frame   0x00000000000032d4       0x2c d:/learningsoftware/stm32cubeide/stm32cubeide/stm32cubeide/plugins/com.st.stm32cube.ide.mcu.externaltools.gnu-tools-for-stm32.7-2018-q2-update.win32_1.4.0.202007081208/tools/bin/../lib/gcc/arm-none-eabi/7.3.1/../../../../arm-none-eabi/lib/thumb/v7-m\libc_nano.a(lib_a-init.o)
 .debug_frame   0x0000000000003300       0x20 d:/learningsoftware/stm32cubeide/stm32cubeide/stm32cubeide/plugins/com.st.stm32cube.ide.mcu.externaltools.gnu-tools-for-stm32.7-2018-q2-update.win32_1.4.0.202007081208/tools/bin/../lib/gcc/arm-none-eabi/7.3.1/../../../../arm-none-eabi/lib/thumb/v7-m\libc_nano.a(lib_a-memset.o)
 .debug_frame   0x0000000000003320       0x6c d:/learningsoftware/stm32cubeide/stm32cubeide/stm32cubeide/plugins/com.st.stm32cube.ide.mcu.externaltools.gnu-tools-for-stm32.7-2018-q2-update.win32_1.4.0.202007081208/tools/bin/../lib/gcc/arm-none-eabi/7.3.1/../../../../arm-none-eabi/lib/thumb/v7-m\libc_nano.a(lib_a-sprintf.o)
 .debug_frame   0x000000000000338c       0x20 d:/learningsoftware/stm32cubeide/stm32cubeide/stm32cubeide/plugins/com.st.stm32cube.ide.mcu.externaltools.gnu-tools-for-stm32.7-2018-q2-update.win32_1.4.0.202007081208/tools/bin/../lib/gcc/arm-none-eabi/7.3.1/../../../../arm-none-eabi/lib/thumb/v7-m\libc_nano.a(lib_a-strcpy.o)
 .debug_frame   0x00000000000033ac       0x90 d:/learningsoftware/stm32cubeide/stm32cubeide/stm32cubeide/plugins/com.st.stm32cube.ide.mcu.externaltools.gnu-tools-for-stm32.7-2018-q2-update.win32_1.4.0.202007081208/tools/bin/../lib/gcc/arm-none-eabi/7.3.1/../../../../arm-none-eabi/lib/thumb/v7-m\libc_nano.a(lib_a-nano-svfprintf.o)
 .debug_frame   0x000000000000343c       0x60 d:/learningsoftware/stm32cubeide/stm32cubeide/stm32cubeide/plugins/com.st.stm32cube.ide.mcu.externaltools.gnu-tools-for-stm32.7-2018-q2-update.win32_1.4.0.202007081208/tools/bin/../lib/gcc/arm-none-eabi/7.3.1/../../../../arm-none-eabi/lib/thumb/v7-m\libc_nano.a(lib_a-nano-vfprintf_i.o)
 .debug_frame   0x000000000000349c       0x28 d:/learningsoftware/stm32cubeide/stm32cubeide/stm32cubeide/plugins/com.st.stm32cube.ide.mcu.externaltools.gnu-tools-for-stm32.7-2018-q2-update.win32_1.4.0.202007081208/tools/bin/../lib/gcc/arm-none-eabi/7.3.1/../../../../arm-none-eabi/lib/thumb/v7-m\libc_nano.a(lib_a-memchr-stub.o)
 .debug_frame   0x00000000000034c4       0x28 d:/learningsoftware/stm32cubeide/stm32cubeide/stm32cubeide/plugins/com.st.stm32cube.ide.mcu.externaltools.gnu-tools-for-stm32.7-2018-q2-update.win32_1.4.0.202007081208/tools/bin/../lib/gcc/arm-none-eabi/7.3.1/../../../../arm-none-eabi/lib/thumb/v7-m\libc_nano.a(lib_a-memcpy-stub.o)
 .debug_frame   0x00000000000034ec       0x28 d:/learningsoftware/stm32cubeide/stm32cubeide/stm32cubeide/plugins/com.st.stm32cube.ide.mcu.externaltools.gnu-tools-for-stm32.7-2018-q2-update.win32_1.4.0.202007081208/tools/bin/../lib/gcc/arm-none-eabi/7.3.1/../../../../arm-none-eabi/lib/thumb/v7-m\libc_nano.a(lib_a-memmove.o)
 .debug_frame   0x0000000000003514       0x38 d:/learningsoftware/stm32cubeide/stm32cubeide/stm32cubeide/plugins/com.st.stm32cube.ide.mcu.externaltools.gnu-tools-for-stm32.7-2018-q2-update.win32_1.4.0.202007081208/tools/bin/../lib/gcc/arm-none-eabi/7.3.1/../../../../arm-none-eabi/lib/thumb/v7-m\libc_nano.a(lib_a-nano-freer.o)
 .debug_frame   0x000000000000354c       0x2c d:/learningsoftware/stm32cubeide/stm32cubeide/stm32cubeide/plugins/com.st.stm32cube.ide.mcu.externaltools.gnu-tools-for-stm32.7-2018-q2-update.win32_1.4.0.202007081208/tools/bin/../lib/gcc/arm-none-eabi/7.3.1/../../../../arm-none-eabi/lib/thumb/v7-m\libc_nano.a(lib_a-nano-mallocr.o)
 .debug_frame   0x0000000000003578       0x3c d:/learningsoftware/stm32cubeide/stm32cubeide/stm32cubeide/plugins/com.st.stm32cube.ide.mcu.externaltools.gnu-tools-for-stm32.7-2018-q2-update.win32_1.4.0.202007081208/tools/bin/../lib/gcc/arm-none-eabi/7.3.1/../../../../arm-none-eabi/lib/thumb/v7-m\libc_nano.a(lib_a-nano-reallocr.o)
 .debug_frame   0x00000000000035b4       0x2c d:/learningsoftware/stm32cubeide/stm32cubeide/stm32cubeide/plugins/com.st.stm32cube.ide.mcu.externaltools.gnu-tools-for-stm32.7-2018-q2-update.win32_1.4.0.202007081208/tools/bin/../lib/gcc/arm-none-eabi/7.3.1/../../../../arm-none-eabi/lib/thumb/v7-m\libc_nano.a(lib_a-sbrkr.o)
 .debug_frame   0x00000000000035e0       0x30 d:/learningsoftware/stm32cubeide/stm32cubeide/stm32cubeide/plugins/com.st.stm32cube.ide.mcu.externaltools.gnu-tools-for-stm32.7-2018-q2-update.win32_1.4.0.202007081208/tools/bin/../lib/gcc/arm-none-eabi/7.3.1/../../../../arm-none-eabi/lib/thumb/v7-m\libc_nano.a(lib_a-mlock.o)
 .debug_frame   0x0000000000003610       0x20 d:/learningsoftware/stm32cubeide/stm32cubeide/stm32cubeide/plugins/com.st.stm32cube.ide.mcu.externaltools.gnu-tools-for-stm32.7-2018-q2-update.win32_1.4.0.202007081208/tools/bin/../lib/gcc/arm-none-eabi/7.3.1/../../../../arm-none-eabi/lib/thumb/v7-m\libc_nano.a(lib_a-nano-msizer.o)
 .debug_frame   0x0000000000003630       0x5c d:/learningsoftware/stm32cubeide/stm32cubeide/stm32cubeide/plugins/com.st.stm32cube.ide.mcu.externaltools.gnu-tools-for-stm32.7-2018-q2-update.win32_1.4.0.202007081208/tools/bin/../lib/gcc/arm-none-eabi/7.3.1/../../../../arm-none-eabi/lib/thumb/v7-m\libc_nano.a(lib_a-reent.o)
