stm32f1xx_ll_dma.h:454:22:LL_DMA_EnableChannel	16	static
stm32f1xx_ll_dma.h:902:26:LL_DMA_GetDataLength	16	static
stm32f1xx_ll_dma.h:1762:22:LL_DMA_EnableIT_TC	16	static
stm32f1xx_ll_dma.h:1781:22:LL_DMA_EnableIT_HT	16	static
stm32f1xx_ll_usart.h:411:22:LL_USART_Enable	16	static
stm32f1xx_ll_usart.h:1526:22:LL_USART_ConfigAsyncMode	16	static
stm32f1xx_ll_usart.h:1850:26:LL_USART_IsActiveFlag_TC	16	static
stm32f1xx_ll_usart.h:2071:22:LL_USART_EnableIT_IDLE	16	static
stm32f1xx_ll_usart.h:2363:22:LL_USART_EnableDMAReq_RX	16	static
stm32f1xx_ll_usart.h:2473:22:LL_USART_TransmitData8	16	static
stm32f1xx_ll_bus.h:269:22:LL_AHB1_GRP1_EnableClock	24	static
stm32f1xx_ll_bus.h:447:22:LL_APB1_GRP1_EnableClock	24	static
stm32f1xx_ll_bus.h:763:22:LL_APB2_GRP1_EnableClock	24	static
main.c:72:5:main	16	static
main.c:125:6:SystemClock_Config	72	static
main.c:162:13:MX_USART2_UART_Init	104	static
main.c:278:13:MX_GPIO_Init	40	static
main.c:319:6:vUSART_Check	16	static
main.c:354:6:vUSART_ProcessData	24	static
main.c:386:6:HAL_TIM_PeriodElapsedCallback	16	static
main.c:404:6:Error_Handler	4	static
