stm32f1xx_ll_dma.h:454:22:LL_DMA_EnableChannel	16	static
stm32f1xx_ll_dma.h:902:26:LL_DMA_GetDataLength	16	static
stm32f1xx_ll_dma.h:1762:22:LL_DMA_EnableIT_TC	16	static
stm32f1xx_ll_dma.h:1781:22:LL_DMA_EnableIT_HT	16	static
stm32f1xx_ll_usart.h:411:22:LL_USART_Enable	16	static
stm32f1xx_ll_usart.h:1526:22:LL_USART_ConfigAsyncMode	16	static
stm32f1xx_ll_usart.h:1850:26:LL_USART_IsActiveFlag_TC	16	static
stm32f1xx_ll_usart.h:2071:22:LL_USART_EnableIT_IDLE	16	static
stm32f1xx_ll_usart.h:2363:22:LL_USART_EnableDMAReq_RX	16	static
stm32f1xx_ll_usart.h:2473:22:LL_USART_TransmitData8	16	static
stm32f1xx_ll_bus.h:269:22:LL_AHB1_GRP1_EnableClock	24	static
stm32f1xx_ll_bus.h:447:22:LL_APB1_GRP1_EnableClock	24	static
stm32f1xx_ll_bus.h:763:22:LL_APB2_GRP1_EnableClock	24	static
main.c:88:5:main	16	static
main.c:156:6:SystemClock_Config	72	static
main.c:193:13:MX_USART2_UART_Init	104	static
main.c:305:13:MX_GPIO_Init	40	static
main.c:346:6:vUSART_Check	8	static
main.c:360:6:vUSART_ProcessData	24	static
main.c:388:9:ucParseUserString	24	static
main.c:453:6:vCompareString	32	static
main.c:507:6:HAL_TIM_PeriodElapsedCallback	16	static
main.c:525:6:Error_Handler	4	static
