core_cm3.h:1499:26:__NVIC_GetPriorityGrouping	4	static
core_cm3.h:1511:22:__NVIC_EnableIRQ	16	static
core_cm3.h:1639:22:__NVIC_SetPriority	16	static
core_cm3.h:1686:26:NVIC_EncodePriority	40	static
stm32f1xx_ll_dma.h:454:22:LL_DMA_EnableChannel	16	static
stm32f1xx_ll_dma.h:1762:22:LL_DMA_EnableIT_TC	16	static
stm32f1xx_ll_usart.h:411:22:LL_USART_Enable	16	static
stm32f1xx_ll_usart.h:1526:22:LL_USART_ConfigAsyncMode	16	static
stm32f1xx_ll_usart.h:2071:22:LL_USART_EnableIT_IDLE	16	static
stm32f1xx_ll_usart.h:2363:22:LL_USART_EnableDMAReq_RX	16	static
stm32f1xx_ll_usart.h:2396:22:LL_USART_EnableDMAReq_TX	16	static
stm32f1xx_ll_bus.h:269:22:LL_AHB1_GRP1_EnableClock	24	static
stm32f1xx_ll_bus.h:447:22:LL_APB1_GRP1_EnableClock	24	static
stm32f1xx_ll_bus.h:763:22:LL_APB2_GRP1_EnableClock	24	static
main.c:70:5:main	8	static
main.c:117:6:SystemClock_Config	72	static
main.c:156:13:MX_USART2_UART_Init	136	static
main.c:271:13:MX_GPIO_Init	40	static
main.c:323:6:HAL_TIM_PeriodElapsedCallback	16	static
main.c:340:6:Error_Handler	4	static
