stm32f1xx_ll_dma.h:454:22:LL_DMA_EnableChannel	16	static
stm32f1xx_ll_dma.h:473:22:LL_DMA_DisableChannel	16	static
stm32f1xx_ll_dma.h:880:22:LL_DMA_SetDataLength	24	static
stm32f1xx_ll_dma.h:1262:26:LL_DMA_IsActiveFlag_TC6	16	static
stm32f1xx_ll_dma.h:1273:26:LL_DMA_IsActiveFlag_TC7	16	static
stm32f1xx_ll_dma.h:1570:22:LL_DMA_ClearFlag_TC6	16	static
stm32f1xx_ll_dma.h:1581:22:LL_DMA_ClearFlag_TC7	16	static
stm32f1xx_ll_usart.h:1828:26:LL_USART_IsActiveFlag_IDLE	16	static
stm32f1xx_ll_usart.h:2000:22:LL_USART_ClearFlag_IDLE	24	static
stm32f1xx_it.c:72:6:NMI_Handler	4	static
stm32f1xx_it.c:85:6:HardFault_Handler	4	static
stm32f1xx_it.c:100:6:MemManage_Handler	4	static
stm32f1xx_it.c:115:6:BusFault_Handler	4	static
stm32f1xx_it.c:130:6:UsageFault_Handler	4	static
stm32f1xx_it.c:145:6:SVC_Handler	4	static
stm32f1xx_it.c:158:6:DebugMon_Handler	4	static
stm32f1xx_it.c:171:6:PendSV_Handler	4	static
stm32f1xx_it.c:184:6:SysTick_Handler	4	static
stm32f1xx_it.c:204:6:DMA1_Channel6_IRQHandler	8	static
stm32f1xx_it.c:237:6:DMA1_Channel7_IRQHandler	8	static
stm32f1xx_it.c:255:6:EXTI9_5_IRQHandler	8	static
stm32f1xx_it.c:271:6:TIM4_IRQHandler	8	static
stm32f1xx_it.c:285:6:USART2_IRQHandler	8	static
