stm32f1xx_ll_dma.h:1262:26:LL_DMA_IsActiveFlag_TC6	16	static
stm32f1xx_ll_dma.h:1273:26:LL_DMA_IsActiveFlag_TC7	16	static
stm32f1xx_ll_dma.h:1339:26:LL_DMA_IsActiveFlag_HT6	16	static
stm32f1xx_ll_dma.h:1570:22:LL_DMA_ClearFlag_TC6	16	static
stm32f1xx_ll_dma.h:1647:22:LL_DMA_ClearFlag_HT6	16	static
stm32f1xx_ll_dma.h:1876:26:LL_DMA_IsEnabledIT_TC	16	static
stm32f1xx_ll_dma.h:1896:26:LL_DMA_IsEnabledIT_HT	16	static
stm32f1xx_ll_usart.h:1828:26:LL_USART_IsActiveFlag_IDLE	16	static
stm32f1xx_ll_usart.h:2000:22:LL_USART_ClearFlag_IDLE	24	static
stm32f1xx_ll_usart.h:2263:26:LL_USART_IsEnabledIT_IDLE	16	static
stm32f1xx_it.c:76:6:NMI_Handler	4	static
stm32f1xx_it.c:89:6:HardFault_Handler	4	static
stm32f1xx_it.c:104:6:MemManage_Handler	4	static
stm32f1xx_it.c:119:6:BusFault_Handler	4	static
stm32f1xx_it.c:134:6:UsageFault_Handler	4	static
stm32f1xx_it.c:149:6:SVC_Handler	4	static
stm32f1xx_it.c:162:6:DebugMon_Handler	4	static
stm32f1xx_it.c:175:6:PendSV_Handler	4	static
stm32f1xx_it.c:188:6:SysTick_Handler	4	static
stm32f1xx_it.c:208:6:DMA1_Channel6_IRQHandler	16	static
stm32f1xx_it.c:264:6:DMA1_Channel7_IRQHandler	8	static
stm32f1xx_it.c:282:6:EXTI9_5_IRQHandler	8	static
stm32f1xx_it.c:298:6:TIM4_IRQHandler	8	static
stm32f1xx_it.c:312:6:USART2_IRQHandler	16	static
