stm32f1xx_it.c:77:6:NMI_Handler	4	static
stm32f1xx_it.c:90:6:HardFault_Handler	4	static
stm32f1xx_it.c:105:6:MemManage_Handler	4	static
stm32f1xx_it.c:120:6:BusFault_Handler	4	static
stm32f1xx_it.c:135:6:UsageFault_Handler	4	static
stm32f1xx_it.c:150:6:SVC_Handler	4	static
stm32f1xx_it.c:163:6:DebugMon_Handler	4	static
stm32f1xx_it.c:176:6:PendSV_Handler	4	static
stm32f1xx_it.c:189:6:SysTick_Handler	4	static
stm32f1xx_it.c:209:6:DMA1_Channel3_IRQHandler	8	static
stm32f1xx_it.c:223:6:DMA1_Channel6_IRQHandler	8	static
stm32f1xx_it.c:245:6:EXTI9_5_IRQHandler	8	static
stm32f1xx_it.c:261:6:TIM4_IRQHandler	8	static
stm32f1xx_it.c:275:6:USART2_IRQHandler	8	static
stm32f1xx_it.c:289:6:USART3_IRQHandler	8	static
