stm32f1xx_ll_dma.h:1262:26:LL_DMA_IsActiveFlag_TC6	16	static
stm32f1xx_ll_dma.h:1273:26:LL_DMA_IsActiveFlag_TC7	16	static
stm32f1xx_ll_dma.h:1339:26:LL_DMA_IsActiveFlag_HT6	16	static
stm32f1xx_ll_dma.h:1570:22:LL_DMA_ClearFlag_TC6	16	static
stm32f1xx_ll_dma.h:1647:22:LL_DMA_ClearFlag_HT6	16	static
stm32f1xx_ll_dma.h:1876:26:LL_DMA_IsEnabledIT_TC	16	static
stm32f1xx_ll_dma.h:1896:26:LL_DMA_IsEnabledIT_HT	16	static
stm32f1xx_ll_usart.h:1828:26:LL_USART_IsActiveFlag_IDLE	16	static
stm32f1xx_ll_usart.h:2000:22:LL_USART_ClearFlag_IDLE	24	static
stm32f1xx_ll_usart.h:2263:26:LL_USART_IsEnabledIT_IDLE	16	static
stm32f1xx_it.c:78:6:NMI_Handler	4	static
stm32f1xx_it.c:90:6:HardFault_Handler	4	static
stm32f1xx_it.c:103:6:MemManage_Handler	4	static
stm32f1xx_it.c:116:6:BusFault_Handler	4	static
stm32f1xx_it.c:129:6:UsageFault_Handler	4	static
stm32f1xx_it.c:142:6:SVC_Handler	4	static
stm32f1xx_it.c:154:6:DebugMon_Handler	4	static
stm32f1xx_it.c:166:6:PendSV_Handler	4	static
stm32f1xx_it.c:178:6:SysTick_Handler	4	static
stm32f1xx_it.c:197:6:DMA1_Channel6_IRQHandler	16	static
stm32f1xx_it.c:250:6:DMA1_Channel7_IRQHandler	8	static
stm32f1xx_it.c:266:6:EXTI9_5_IRQHandler	8	static
stm32f1xx_it.c:281:6:TIM4_IRQHandler	8	static
stm32f1xx_it.c:294:6:USART2_IRQHandler	16	static
