stm32f1xx_ll_dma.h:1262:26:LL_DMA_IsActiveFlag_TC6	16	static
stm32f1xx_ll_dma.h:1273:26:LL_DMA_IsActiveFlag_TC7	16	static
stm32f1xx_ll_dma.h:1339:26:LL_DMA_IsActiveFlag_HT6	16	static
stm32f1xx_ll_dma.h:1570:22:LL_DMA_ClearFlag_TC6	16	static
stm32f1xx_ll_dma.h:1647:22:LL_DMA_ClearFlag_HT6	16	static
stm32f1xx_ll_dma.h:1876:26:LL_DMA_IsEnabledIT_TC	16	static
stm32f1xx_ll_dma.h:1896:26:LL_DMA_IsEnabledIT_HT	16	static
stm32f1xx_ll_usart.h:1828:26:LL_USART_IsActiveFlag_IDLE	16	static
stm32f1xx_ll_usart.h:2000:22:LL_USART_ClearFlag_IDLE	24	static
stm32f1xx_ll_usart.h:2263:26:LL_USART_IsEnabledIT_IDLE	16	static
stm32f1xx_it.c:75:6:NMI_Handler	4	static
stm32f1xx_it.c:88:6:HardFault_Handler	4	static
stm32f1xx_it.c:103:6:MemManage_Handler	4	static
stm32f1xx_it.c:118:6:BusFault_Handler	4	static
stm32f1xx_it.c:133:6:UsageFault_Handler	4	static
stm32f1xx_it.c:148:6:SVC_Handler	4	static
stm32f1xx_it.c:161:6:DebugMon_Handler	4	static
stm32f1xx_it.c:174:6:PendSV_Handler	4	static
stm32f1xx_it.c:187:6:SysTick_Handler	4	static
stm32f1xx_it.c:207:6:DMA1_Channel6_IRQHandler	24	static
stm32f1xx_it.c:234:6:DMA1_Channel7_IRQHandler	8	static
stm32f1xx_it.c:248:6:EXTI9_5_IRQHandler	8	static
stm32f1xx_it.c:264:6:TIM4_IRQHandler	8	static
stm32f1xx_it.c:278:6:USART2_IRQHandler	24	static
